-- start_matchsubs
-- m/ +:/
-- s/( +):/\1|/
-- m/\+$/
-- s/\+$//
-- end_matchsubs
-- @description query01 for PXF HDFS Readable Json with malformed record test cases
SELECT *
FROM jsontest_malformed_record_with_reject_limit
ORDER BY id;
NOTICE:  Found 1 data formatting errors (1 or more input rows). Rejected related input data.
           created_at           |         id         | text  | user.screen_name | entities.hashtags[0] | coordinates.coordinates[0] | coordinates.coordinates[1] 
--------------------------------+--------------------+-------+------------------+----------------------+----------------------------+----------------------------
 Fri Jun 07 22:45:02 +0000 2013 | 343136547115253761 | text1 | SpreadButter     | tweetCongress        |                            |                           
 Fri Jun 07 22:45:02 +0000 2013 | 343136547136233472 | text3 | NoSecrets_Vagas  |                      |                            |                           
(2 rows)

