-- @description query01 for PXF HDFS Readable Avro supported complex type for FORMAT "TEXT" test cases

GP_IGNORE:-- start_ignore
GP_IGNORE:-- end_ignore

SELECT type_long, type_string, type_array, type_union, type_enum, type_fixed from avrotest_complex_text ORDER BY type_long;
GP_IGNORE: type_long | type_string |          type_array           |                            type_union                             | type_enum |  type_fixed
GP_IGNORE:-----------+-------------+-------------------------------+-------------------------------------------------------------------+-----------+---------------
1|shivram|[karthik,santosh,girish,arun]||FRIEND|?zst
2|noa|[jimmy,godon]|this is optional type_unionellaneious information about this user|COLLEAGUE|\020!\003\004
3|jimmy|[kate,santosh]||FRIEND|\001\002\003{
4|godon|[caleb,parham]|new user|COLLEAGUE|4\002<\004
(4 rows)

CREATE view avro_view
as select type_string, string_to_array(substring(type_map from 2 for (char_length(type_map) - 2)),',')::text[]
as type_map, string_to_array(substring(type_record from 2 for (char_length(type_record) - 2)),',')::text[] as type_record from avrotest_complex_text;
CREATE VIEW
select exists(select type_map from avro_view where type_map <@ '{caleb:3,parham:3}' and type_map @> '{caleb:3,parham:3}');
 ?column?
----------
 t
(1 row)

select exists(select type_map from avro_view where type_map <@ '{kate:10,santosh:4}' and type_map @> '{kate:10,santosh:4}');
 ?column?
----------
 t
(1 row)

select exists(select type_map from avro_view where type_map <@ '{godon:1,jimmy:2}' and type_map @> '{godon:1,jimmy:2}');
 ?column?
----------
 t
(1 row)

select exists(select type_map from avro_view where type_map <@ '{karthik:3,prak:4,girish:3,arun:3}' and type_map @>'{karthik:3,prak:4,girish:3,arun:3}');
 ?column?
----------
 t
(1 row)

select exists(select type_record from avro_view where type_record <@ '{street:krishna street,number:12,city:chennai}' and type_record @> '{street:krishna street,number:12,city:chennai}');
 ?column?
----------
 t
(1 row)

select exists(select type_record from avro_view where type_record <@ '{street:melon ct,number:754,city:sunnyvale}'and type_record @> '{street:melon ct,number:754,city:sunnyvale}');
 ?column?
----------
 t
(1 row)

select exists(select type_record from avro_view where type_record <@ '{street:renaissance drive, number:1,city:san jose}' and type_record @> '{street:renaissance drive, number:1,city:san jose}');
 ?column?
----------
 t
(1 row)

select exists(select type_record from avro_view where type_record <@ '{street:deer creek,number:999,city:palo alto}' and type_record @> '{street:deer creek,number:999,city:palo alto}');
 ?column?
----------
 t
(1 row)

DROP VIEW avro_view CASCADE;
DROP VIEW
