-- @description query01 for PXF HDFS Readable Avro in Sequence files test cases

SELECT * from avro_in_seq_arrays ORDER BY int1;
    num    | int1 | int2 |                                                                              strings                                                                              |        st1        |     dubs      | dub |      fts      | ft  |   lngs    | lng |     bls      | bl |   bts
-----------+------+------+-------------------------------------------------------------------------------------------------------------------------------------------------------------------+-------------------+---------------+-----+---------------+-----+-----------+-----+--------------+----+----------
 [10,20]   |   10 |   20 | [strings_array_member_number___1,strings_array_member_number___2,strings_array_member_number___3,strings_array_member_number___4,strings_array_member_number___5] | short_string___1  | [10.0,20.0]   |  60 | [23.0,46.0]   |  23 | [30,40]   |  15 | [true,false] | t  | AvroDude
 [20,40]   |   20 |   40 | [strings_array_member_number___1,strings_array_member_number___2,strings_array_member_number___3,strings_array_member_number___4,strings_array_member_number___5] | short_string___2  | [20.0,40.0]   |  70 | [46.0,92.0]   |  46 | [60,80]   |  25 | [true,false] | t  | AvroDude
 [30,60]   |   30 |   60 | [strings_array_member_number___1,strings_array_member_number___2,strings_array_member_number___3,strings_array_member_number___4,strings_array_member_number___5] | short_string___3  | [30.0,60.0]   |  80 | [69.0,138.0]  |  69 | [90,120]  |  35 | [true,false] | t  | AvroDude
 [40,80]   |   40 |   80 | [strings_array_member_number___1,strings_array_member_number___2,strings_array_member_number___3,strings_array_member_number___4,strings_array_member_number___5] | short_string___4  | [40.0,80.0]   |  90 | [92.0,184.0]  |  92 | [120,160] |  45 | [true,false] | t  | AvroDude
 [50,100]  |   50 |  100 | [strings_array_member_number___1,strings_array_member_number___2,strings_array_member_number___3,strings_array_member_number___4,strings_array_member_number___5] | short_string___5  | [50.0,100.0]  | 100 | [115.0,230.0] | 115 | [150,200] |  55 | [true,false] | t  | AvroDude
 [60,120]  |   60 |  120 | [strings_array_member_number___1,strings_array_member_number___2,strings_array_member_number___3,strings_array_member_number___4,strings_array_member_number___5] | short_string___6  | [60.0,120.0]  | 110 | [138.0,276.0] | 138 | [180,240] |  65 | [true,false] | t  | AvroDude
 [70,140]  |   70 |  140 | [strings_array_member_number___1,strings_array_member_number___2,strings_array_member_number___3,strings_array_member_number___4,strings_array_member_number___5] | short_string___7  | [70.0,140.0]  | 120 | [161.0,322.0] | 161 | [210,280] |  75 | [true,false] | t  | AvroDude
 [80,160]  |   80 |  160 | [strings_array_member_number___1,strings_array_member_number___2,strings_array_member_number___3,strings_array_member_number___4,strings_array_member_number___5] | short_string___8  | [80.0,160.0]  | 130 | [184.0,368.0] | 184 | [240,320] |  85 | [true,false] | t  | AvroDude
 [90,180]  |   90 |  180 | [strings_array_member_number___1,strings_array_member_number___2,strings_array_member_number___3,strings_array_member_number___4,strings_array_member_number___5] | short_string___9  | [90.0,180.0]  | 140 | [207.0,414.0] | 207 | [270,360] |  95 | [true,false] | t  | AvroDude
 [100,200] |  100 |  200 | [strings_array_member_number___1,strings_array_member_number___2,strings_array_member_number___3,strings_array_member_number___4,strings_array_member_number___5] | short_string___10 | [100.0,200.0] | 150 | [230.0,460.0] | 230 | [300,400] | 105 | [true,false] | t  | AvroDude
 [110,220] |  110 |  220 | [strings_array_member_number___1,strings_array_member_number___2,strings_array_member_number___3,strings_array_member_number___4,strings_array_member_number___5] | short_string___11 | [110.0,220.0] | 160 | [253.0,506.0] | 253 | [330,440] | 115 | [true,false] | t  | AvroDude
 [120,240] |  120 |  240 | [strings_array_member_number___1,strings_array_member_number___2,strings_array_member_number___3,strings_array_member_number___4,strings_array_member_number___5] | short_string___12 | [120.0,240.0] | 170 | [276.0,552.0] | 276 | [360,480] | 125 | [true,false] | t  | AvroDude
 [130,260] |  130 |  260 | [strings_array_member_number___1,strings_array_member_number___2,strings_array_member_number___3,strings_array_member_number___4,strings_array_member_number___5] | short_string___13 | [130.0,260.0] | 180 | [299.0,598.0] | 299 | [390,520] | 135 | [true,false] | t  | AvroDude
 [140,280] |  140 |  280 | [strings_array_member_number___1,strings_array_member_number___2,strings_array_member_number___3,strings_array_member_number___4,strings_array_member_number___5] | short_string___14 | [140.0,280.0] | 190 | [322.0,644.0] | 322 | [420,560] | 145 | [true,false] | t  | AvroDude
 [150,300] |  150 |  300 | [strings_array_member_number___1,strings_array_member_number___2,strings_array_member_number___3,strings_array_member_number___4,strings_array_member_number___5] | short_string___15 | [150.0,300.0] | 200 | [345.0,690.0] | 345 | [450,600] | 155 | [true,false] | t  | AvroDude
 [160,320] |  160 |  320 | [strings_array_member_number___1,strings_array_member_number___2,strings_array_member_number___3,strings_array_member_number___4,strings_array_member_number___5] | short_string___16 | [160.0,320.0] | 210 | [368.0,736.0] | 368 | [480,640] | 165 | [true,false] | t  | AvroDude
 [170,340] |  170 |  340 | [strings_array_member_number___1,strings_array_member_number___2,strings_array_member_number___3,strings_array_member_number___4,strings_array_member_number___5] | short_string___17 | [170.0,340.0] | 220 | [391.0,782.0] | 391 | [510,680] | 175 | [true,false] | t  | AvroDude
 [180,360] |  180 |  360 | [strings_array_member_number___1,strings_array_member_number___2,strings_array_member_number___3,strings_array_member_number___4,strings_array_member_number___5] | short_string___18 | [180.0,360.0] | 230 | [414.0,828.0] | 414 | [540,720] | 185 | [true,false] | t  | AvroDude
 [190,380] |  190 |  380 | [strings_array_member_number___1,strings_array_member_number___2,strings_array_member_number___3,strings_array_member_number___4,strings_array_member_number___5] | short_string___19 | [190.0,380.0] | 240 | [437.0,874.0] | 437 | [570,760] | 195 | [true,false] | t  | AvroDude
 [200,400] |  200 |  400 | [strings_array_member_number___1,strings_array_member_number___2,strings_array_member_number___3,strings_array_member_number___4,strings_array_member_number___5] | short_string___20 | [200.0,400.0] | 250 | [460.0,920.0] | 460 | [600,800] | 205 | [true,false] | t  | AvroDude
(20 rows)
