-- start_ignore
-- end_ignore
-- @description query01 for writing ORC decimals with large precision defined in the table DDL
INSERT INTO orc_decimals_with_large_precision_writable VALUES (1, 1234567890123456789012345678901234567890.12345);
ERROR: PXF server error : Column c_numeric is defined as NUMERIC with precision 90 which exceeds the maximum supported precision 38.
