-- @description query01 for PXF HDFS Readable Avro multi files test cases
SELECT COUNT(*) from avro_multi;
 count 
-------
 50000
(1 row)

