-- @description query01 for PXF HDFS Readable emptyTextFile case
SELECT * from pxf_hdfs_small_data ORDER BY n1;
 s1 | s2 | s3 | d1 | n1 | n2 | n3 | n4 | n5 | n6 | n7 | s11 | s12 | s13 | d11 | n11 | n12 | n13 | n14 | n15 | n16 | n17 
----+----+----+----+----+----+----+----+----+----+----+-----+-----+-----+-----+-----+-----+-----+-----+-----+-----+-----
(0 rows)

