-- @description query01 for Hive aggregate query
SELECT COUNT(*) FROM pxf_hive_small_data;
 count 
-------
    25
(1 row)

