-- @description query01 for count lines Multiblocked, multilined CSV file
SELECT COUNT(*) from pxf_multi_csv;
 count 
-------
   320
(1 row)

