-- @description query01 for PXF HDFS Writable Json array types written in the object layout
-- start_matchsubs
--
-- # create a match/subs
--
-- end_matchsubs
\pset null 'NIL'
SET bytea_output = 'hex';
SET TIME ZONE 'America/Los_Angeles';
SHOW TIME ZONE;
      TimeZone       
---------------------
 America/Los_Angeles
(1 row)

SET datestyle TO 'ISO, MDY';
SELECT id, name, sml, integ, bg, r, dp, dec, bool, cdate, ctime, tm, tmz, c1, vc1, bin from gpdb_array_types ORDER BY id;
 id |                  name                   |    sml     |          integ          |              bg               |           r           |                    dp                     |                         dec                         |    bool    |            cdate             |          ctime           |                                tm                                |                                  tmz                                   |       c1       |        vc1         |              bin               
----+-----------------------------------------+------------+-------------------------+-------------------------------+-----------------------+-------------------------------------------+-----------------------------------------------------+------------+------------------------------+--------------------------+------------------------------------------------------------------+------------------------------------------------------------------------+----------------+--------------------+--------------------------------
  0 | {row-00,"esc1\"","esc2\\","esc3}",NULL} | {0,1,NULL} | {1000000,-1000000,NULL} | {5555500000,-5555500000,NULL} | {0.0001,-0.0001,NULL} | {3.14159265358979,-3.14159265358979,NULL} | {12345678900000.000000,-12345678900000.000000,NULL} | {t,f,NULL} | {2010-01-01,2010-01-01,NULL} | {10:11:00,11:11:00,NULL} | {"2013-07-13 21:00:05.000456","2014-07-13 21:00:05.000456",NULL} | {"2013-07-13 21:00:05.000123-07","2014-07-13 21:00:05.000123-07",NULL} | {abc,cba,NULL} | {defhi,jklmn,NULL} | {"\\x622d30","\\x632d30",NULL}
  1 | NIL                                     | {}         | {1000001}               | {NULL}                        | {1.0001,-1.0001}      | {3.14159265358979,-3.14159265358979}      | {12345678900000.000001,-12345678900000.000001}      | {t,f}      | {2010-01-02,2010-02-02}      | {10:11:01,11:11:01}      | {"2013-07-13 21:00:05.001456","2014-07-13 21:00:05.001456"}      | {"2013-07-13 21:00:05.001123-07","2014-07-13 21:00:05.001123-07"}      | {abc,cba,NULL} | {defhi,NULL,jklmn} | {NULL,"\\x622d31","\\x632d31"}
  2 | {NULL,"esc1\"","esc2\\","esc3}"}        | NIL        | {}                      | {5555500002}                  | {NULL}                | {3.14159265358979,-3.14159265358979}      | {12345678900000.000002,-12345678900000.000002}      | {t,f}      | {2010-01-03,2010-02-03}      | {10:11:02,11:11:02}      | {"2013-07-13 21:00:05.002456","2014-07-13 21:00:05.002456"}      | {"2013-07-13 21:00:05.002123-07","2014-07-13 21:00:05.002123-07"}      | {abc,cba}      | {defhi,jklmn,NULL} | {"\\x622d32",NULL,"\\x632d32"}
  3 | {row-03,NULL,"esc2\\","esc3}"}          | {NULL,3,4} | NIL                     | {}                            | {-3.0001}             | {NULL}                                    | {12345678900000.000003,-12345678900000.000003}      | {t,f}      | {2010-01-04,2010-02-04}      | {10:11:03,11:11:03}      | {"2013-07-13 21:00:05.003456","2014-07-13 21:00:05.003456"}      | {"2013-07-13 21:00:05.003123-07","2014-07-13 21:00:05.003123-07"}      | {abc,cba}      | {defhi,jklmn}      | {"\\x622d33","\\x632d33",NULL}
  4 | {row-04,"esc1\"",NULL,"esc3}"}          | {4,NULL,5} | {NULL,1000004,-1000004} | NIL                           | {}                    | {3.14159265358979}                        | {NULL}                                              | {t,f}      | {2010-01-05,2010-02-05}      | {10:11:04,11:11:04}      | {"2013-07-13 21:00:05.004456","2014-07-13 21:00:05.004456"}      | {"2013-07-13 21:00:05.004123-07","2014-07-13 21:00:05.004123-07"}      | {abc,cba}      | {defhi,jklmn}      | {"\\x622d34","\\x632d34"}
  5 | {row-05,"esc1\"","esc2\\",NULL}         | {5,6,NULL} | {1000005,NULL,-1000005} | {NULL,5555500005,-5555500005} | NIL                   | {}                                        | {-12345678900000.000005}                            | {NULL}     | {2010-01-06,2010-02-06}      | {10:11:05,11:11:05}      | {"2013-07-13 21:00:05.005456","2014-07-13 21:00:05.005456"}      | {"2013-07-13 21:00:05.005123-07","2014-07-13 21:00:05.005123-07"}      | {abc,cba}      | {defhi,jklmn}      | {"\\x622d35","\\x632d35"}
  6 | {row-06,"esc1\"","esc2\\","esc3}"}      | {6,7}      | {1000006,-1000006,NULL} | {5555500006,NULL,-5555500006} | {NULL,6.0001,-6.0001} | NIL                                       | {}                                                  | {t}        | {NULL}                       | {10:11:06,11:11:06}      | {"2013-07-13 21:00:05.006456","2014-07-13 21:00:05.006456"}      | {"2013-07-13 21:00:05.006123-07","2014-07-13 21:00:05.006123-07"}      | {abc,cba}      | {defhi,jklmn}      | {"\\x622d36","\\x632d36"}
  7 | {row-07,"esc1\"","esc2\\","esc3}"}      | {7,8}      | {1000007,-1000007}      | {5555500007,-5555500007,NULL} | {7.0001,NULL,-7.0001} | {NULL,3.14159265358979,-3.14159265358979} | NIL                                                 | {}         | {2010-01-08}                 | {NULL}                   | {"2013-07-13 21:00:05.007456","2014-07-13 21:00:05.007456"}      | {"2013-07-13 21:00:05.007123-07","2014-07-13 21:00:05.007123-07"}      | {abc,cba}      | {defhi,jklmn}      | {"\\x622d37","\\x632d37"}
  8 | {row-08,"esc1\"","esc2\\","esc3}"}      | {8,9}      | {1000008,-1000008}      | {5555500008,-5555500008}      | {8.0001,-8.0001,NULL} | {3.14159265358979,NULL,-3.14159265358979} | {NULL,12345678900000.000008,-12345678900000.000008} | NIL        | {}                           | {10:11:08}               | {NULL}                                                           | {"2013-07-13 21:00:05.008123-07","2014-07-13 21:00:05.008123-07"}      | {abc,cba}      | {defhi,jklmn}      | {"\\x622d38","\\x632d38"}
  9 | {row-09,"esc1\"","esc2\\","esc3}"}      | {9,10}     | {1000009,-1000009}      | {5555500009,-5555500009}      | {9.0001,-9.0001}      | {3.14159265358979,-3.14159265358979,NULL} | {12345678900000.000009,NULL,-12345678900000.000009} | {NULL,t,f} | NIL                          | {}                       | {"2013-07-13 21:00:05.009456"}                                   | {NULL}                                                                 | {abc,cba}      | {defhi,jklmn}      | {"\\x622d39","\\x632d39"}
 10 | {row-10,"esc1\"","esc2\\","esc3}"}      | {10,11}    | {1000010,-1000010}      | {5555500010,-5555500010}      | {10.0001,-10.0001}    | {3.14159265358979,-3.14159265358979}      | {12345678900000.000010,-12345678900000.000010,NULL} | {t,NULL,f} | {NULL,2010-01-11,2010-02-11} | NIL                      | {}                                                               | {"2013-07-13 21:00:05.010123-07"}                                      | {NULL}         | {defhi,jklmn}      | {"\\x622d3130","\\x632d3130"}
 11 | {row-11,"esc1\"","esc2\\","esc3}"}      | {11,12}    | {1000011,-1000011}      | {5555500011,-5555500011}      | {11.0001,-11.0001}    | {3.14159265358979,-3.14159265358979}      | {12345678900000.000011,-12345678900000.000011}      | {t,f,NULL} | {2010-01-12,NULL,2010-02-12} | {NULL,10:11:11,11:11:11} | NIL                                                              | {}                                                                     | {abc}          | {NULL}             | {"\\x622d3131","\\x632d3131"}
 12 | {row-12,"esc1\"","esc2\\","esc3}"}      | {12,13}    | {1000012,-1000012}      | {5555500012,-5555500012}      | {12.0001,-12.0001}    | {3.14159265358979,-3.14159265358979}      | {12345678900000.000012,-12345678900000.000012}      | {t,f}      | {2010-01-13,2010-02-13,NULL} | {10:11:12,NULL,11:11:12} | {NULL,"2013-07-13 21:00:05.012456","2014-07-13 21:00:05.012456"} | NIL                                                                    | {}             | {defhi}            | {NULL}
 13 | {NULL}                                  | {13,14}    | {1000013,-1000013}      | {5555500013,-5555500013}      | {13.0001,-13.0001}    | {3.14159265358979,-3.14159265358979}      | {12345678900000.000013,-12345678900000.000013}      | {t,f}      | {2010-01-14,2010-02-14}      | {10:11:13,11:11:13,NULL} | {"2013-07-13 21:00:05.013456",NULL,"2014-07-13 21:00:05.013456"} | {NULL,"2013-07-13 21:00:05.013123-07","2014-07-13 21:00:05.013123-07"} | NIL            | {}                 | {"\\x622d3133"}
 14 | {row-14}                                | {NULL}     | {1000014,-1000014}      | {5555500014,-5555500014}      | {14.0001,-14.0001}    | {3.14159265358979,-3.14159265358979}      | {12345678900000.000014,-12345678900000.000014}      | {t,f}      | {2010-01-15,2010-02-15}      | {10:11:14,11:11:14}      | {"2013-07-13 21:00:05.014456","2014-07-13 21:00:05.014456",NULL} | {"2013-07-13 21:00:05.014123-07",NULL,"2014-07-13 21:00:05.014123-07"} | {NULL,abc,cba} | NIL                | {}
 15 | {}                                      | {15}       | {NULL}                  | {5555500015,-5555500015}      | {15.0001,-15.0001}    | {3.14159265358979,-3.14159265358979}      | {12345678900000.000015,-12345678900000.000015}      | {t,f}      | {2010-01-16,2010-02-16}      | {10:11:15,11:11:15}      | {"2013-07-13 21:00:05.015456","2014-07-13 21:00:05.015456"}      | {"2013-07-13 21:00:05.015123-07","2014-07-13 21:00:05.015123-07",NULL} | {abc,NULL,cba} | {NULL,defhi,jklmn} | NIL
(16 rows)

SELECT id, name, sml, integ, bg, r, dp, dec, bool, cdate, ctime, tm, tmz, c1, vc1, bin from pxf_array_types_object_json_read ORDER BY id;
 id |                  name                   |    sml     |          integ          |              bg               |           r           |                    dp                     |                         dec                         |    bool    |            cdate             |          ctime           |                                tm                                |                                  tmz                                   |       c1       |        vc1         |              bin               
----+-----------------------------------------+------------+-------------------------+-------------------------------+-----------------------+-------------------------------------------+-----------------------------------------------------+------------+------------------------------+--------------------------+------------------------------------------------------------------+------------------------------------------------------------------------+----------------+--------------------+--------------------------------
  0 | {row-00,"esc1\"","esc2\\","esc3}",NULL} | {0,1,NULL} | {1000000,-1000000,NULL} | {5555500000,-5555500000,NULL} | {0.0001,-0.0001,NULL} | {3.14159265358979,-3.14159265358979,NULL} | {12345678900000,-12345678900000,NULL}               | {t,f,NULL} | {2010-01-01,2010-01-01,NULL} | {10:11:00,11:11:00,NULL} | {"2013-07-13 21:00:05.000456","2014-07-13 21:00:05.000456",NULL} | {"2013-07-13 21:00:05.000123-07","2014-07-13 21:00:05.000123-07",NULL} | {abc,cba,NULL} | {defhi,jklmn,NULL} | {"\\x622d30","\\x632d30",NULL}
  1 | NIL                                     | {}         | {1000001}               | {NULL}                        | {1.0001,-1.0001}      | {3.14159265358979,-3.14159265358979}      | {12345678900000.000001,-12345678900000.000001}      | {t,f}      | {2010-01-02,2010-02-02}      | {10:11:01,11:11:01}      | {"2013-07-13 21:00:05.001456","2014-07-13 21:00:05.001456"}      | {"2013-07-13 21:00:05.001123-07","2014-07-13 21:00:05.001123-07"}      | {abc,cba,NULL} | {defhi,NULL,jklmn} | {NULL,"\\x622d31","\\x632d31"}
  2 | {NULL,"esc1\"","esc2\\","esc3}"}        | NIL        | {}                      | {5555500002}                  | {NULL}                | {3.14159265358979,-3.14159265358979}      | {12345678900000.000002,-12345678900000.000002}      | {t,f}      | {2010-01-03,2010-02-03}      | {10:11:02,11:11:02}      | {"2013-07-13 21:00:05.002456","2014-07-13 21:00:05.002456"}      | {"2013-07-13 21:00:05.002123-07","2014-07-13 21:00:05.002123-07"}      | {abc,cba}      | {defhi,jklmn,NULL} | {"\\x622d32",NULL,"\\x632d32"}
  3 | {row-03,NULL,"esc2\\","esc3}"}          | {NULL,3,4} | NIL                     | {}                            | {-3.0001}             | {NULL}                                    | {12345678900000.000003,-12345678900000.000003}      | {t,f}      | {2010-01-04,2010-02-04}      | {10:11:03,11:11:03}      | {"2013-07-13 21:00:05.003456","2014-07-13 21:00:05.003456"}      | {"2013-07-13 21:00:05.003123-07","2014-07-13 21:00:05.003123-07"}      | {abc,cba}      | {defhi,jklmn}      | {"\\x622d33","\\x632d33",NULL}
  4 | {row-04,"esc1\"",NULL,"esc3}"}          | {4,NULL,5} | {NULL,1000004,-1000004} | NIL                           | {}                    | {3.14159265358979}                        | {NULL}                                              | {t,f}      | {2010-01-05,2010-02-05}      | {10:11:04,11:11:04}      | {"2013-07-13 21:00:05.004456","2014-07-13 21:00:05.004456"}      | {"2013-07-13 21:00:05.004123-07","2014-07-13 21:00:05.004123-07"}      | {abc,cba}      | {defhi,jklmn}      | {"\\x622d34","\\x632d34"}
  5 | {row-05,"esc1\"","esc2\\",NULL}         | {5,6,NULL} | {1000005,NULL,-1000005} | {NULL,5555500005,-5555500005} | NIL                   | {}                                        | {-12345678900000.000005}                            | {NULL}     | {2010-01-06,2010-02-06}      | {10:11:05,11:11:05}      | {"2013-07-13 21:00:05.005456","2014-07-13 21:00:05.005456"}      | {"2013-07-13 21:00:05.005123-07","2014-07-13 21:00:05.005123-07"}      | {abc,cba}      | {defhi,jklmn}      | {"\\x622d35","\\x632d35"}
  6 | {row-06,"esc1\"","esc2\\","esc3}"}      | {6,7}      | {1000006,-1000006,NULL} | {5555500006,NULL,-5555500006} | {NULL,6.0001,-6.0001} | NIL                                       | {}                                                  | {t}        | {NULL}                       | {10:11:06,11:11:06}      | {"2013-07-13 21:00:05.006456","2014-07-13 21:00:05.006456"}      | {"2013-07-13 21:00:05.006123-07","2014-07-13 21:00:05.006123-07"}      | {abc,cba}      | {defhi,jklmn}      | {"\\x622d36","\\x632d36"}
  7 | {row-07,"esc1\"","esc2\\","esc3}"}      | {7,8}      | {1000007,-1000007}      | {5555500007,-5555500007,NULL} | {7.0001,NULL,-7.0001} | {NULL,3.14159265358979,-3.14159265358979} | NIL                                                 | {}         | {2010-01-08}                 | {NULL}                   | {"2013-07-13 21:00:05.007456","2014-07-13 21:00:05.007456"}      | {"2013-07-13 21:00:05.007123-07","2014-07-13 21:00:05.007123-07"}      | {abc,cba}      | {defhi,jklmn}      | {"\\x622d37","\\x632d37"}
  8 | {row-08,"esc1\"","esc2\\","esc3}"}      | {8,9}      | {1000008,-1000008}      | {5555500008,-5555500008}      | {8.0001,-8.0001,NULL} | {3.14159265358979,NULL,-3.14159265358979} | {NULL,12345678900000.000008,-12345678900000.000008} | NIL        | {}                           | {10:11:08}               | {NULL}                                                           | {"2013-07-13 21:00:05.008123-07","2014-07-13 21:00:05.008123-07"}      | {abc,cba}      | {defhi,jklmn}      | {"\\x622d38","\\x632d38"}
  9 | {row-09,"esc1\"","esc2\\","esc3}"}      | {9,10}     | {1000009,-1000009}      | {5555500009,-5555500009}      | {9.0001,-9.0001}      | {3.14159265358979,-3.14159265358979,NULL} | {12345678900000.000009,NULL,-12345678900000.000009} | {NULL,t,f} | NIL                          | {}                       | {"2013-07-13 21:00:05.009456"}                                   | {NULL}                                                                 | {abc,cba}      | {defhi,jklmn}      | {"\\x622d39","\\x632d39"}
 10 | {row-10,"esc1\"","esc2\\","esc3}"}      | {10,11}    | {1000010,-1000010}      | {5555500010,-5555500010}      | {10.0001,-10.0001}    | {3.14159265358979,-3.14159265358979}      | {12345678900000.00001,-12345678900000.00001,NULL}   | {t,NULL,f} | {NULL,2010-01-11,2010-02-11} | NIL                      | {}                                                               | {"2013-07-13 21:00:05.010123-07"}                                      | {NULL}         | {defhi,jklmn}      | {"\\x622d3130","\\x632d3130"}
 11 | {row-11,"esc1\"","esc2\\","esc3}"}      | {11,12}    | {1000011,-1000011}      | {5555500011,-5555500011}      | {11.0001,-11.0001}    | {3.14159265358979,-3.14159265358979}      | {12345678900000.000011,-12345678900000.000011}      | {t,f,NULL} | {2010-01-12,NULL,2010-02-12} | {NULL,10:11:11,11:11:11} | NIL                                                              | {}                                                                     | {abc}          | {NULL}             | {"\\x622d3131","\\x632d3131"}
 12 | {row-12,"esc1\"","esc2\\","esc3}"}      | {12,13}    | {1000012,-1000012}      | {5555500012,-5555500012}      | {12.0001,-12.0001}    | {3.14159265358979,-3.14159265358979}      | {12345678900000.000012,-12345678900000.000012}      | {t,f}      | {2010-01-13,2010-02-13,NULL} | {10:11:12,NULL,11:11:12} | {NULL,"2013-07-13 21:00:05.012456","2014-07-13 21:00:05.012456"} | NIL                                                                    | {}             | {defhi}            | {NULL}
 13 | {NULL}                                  | {13,14}    | {1000013,-1000013}      | {5555500013,-5555500013}      | {13.0001,-13.0001}    | {3.14159265358979,-3.14159265358979}      | {12345678900000.000013,-12345678900000.000013}      | {t,f}      | {2010-01-14,2010-02-14}      | {10:11:13,11:11:13,NULL} | {"2013-07-13 21:00:05.013456",NULL,"2014-07-13 21:00:05.013456"} | {NULL,"2013-07-13 21:00:05.013123-07","2014-07-13 21:00:05.013123-07"} | NIL            | {}                 | {"\\x622d3133"}
 14 | {row-14}                                | {NULL}     | {1000014,-1000014}      | {5555500014,-5555500014}      | {14.0001,-14.0001}    | {3.14159265358979,-3.14159265358979}      | {12345678900000.000014,-12345678900000.000014}      | {t,f}      | {2010-01-15,2010-02-15}      | {10:11:14,11:11:14}      | {"2013-07-13 21:00:05.014456","2014-07-13 21:00:05.014456",NULL} | {"2013-07-13 21:00:05.014123-07",NULL,"2014-07-13 21:00:05.014123-07"} | {NULL,abc,cba} | NIL                | {}
 15 | {}                                      | {15}       | {NULL}                  | {5555500015,-5555500015}      | {15.0001,-15.0001}    | {3.14159265358979,-3.14159265358979}      | {12345678900000.000015,-12345678900000.000015}      | {t,f}      | {2010-01-16,2010-02-16}      | {10:11:15,11:11:15}      | {"2013-07-13 21:00:05.015456","2014-07-13 21:00:05.015456"}      | {"2013-07-13 21:00:05.015123-07","2014-07-13 21:00:05.015123-07",NULL} | {abc,NULL,cba} | {NULL,defhi,jklmn} | NIL
(16 rows)

