-- @description query01 for PXF HDFS Readable Avro with compression test cases
SELECT * FROM avro_codec ORDER BY st1;
    num     | int1 | int2 |                                                                              strings                                                                              |        st1        |      dubs      | dub |       fts       |  ft  |    longs    | lng |     bls      | bl |   bts    
------------+------+------+-------------------------------------------------------------------------------------------------------------------------------------------------------------------+-------------------+----------------+-----+-----------------+------+-------------+-----+--------------+----+----------
 [10,20]    |   10 |   20 | [strings_array_member_number___1,strings_array_member_number___2,strings_array_member_number___3,strings_array_member_number___4,strings_array_member_number___5] | short_string___1  | [10.0,20.0]    |  60 | [23.0,46.0]     |   23 | [30,40]     |  15 | [true,false] | t  | AvroDude
 [100,200]  |  100 |  200 | [strings_array_member_number___1,strings_array_member_number___2,strings_array_member_number___3,strings_array_member_number___4,strings_array_member_number___5] | short_string___10 | [100.0,200.0]  | 150 | [230.0,460.0]   |  230 | [300,400]   | 105 | [true,false] | t  | AvroDude
 [110,220]  |  110 |  220 | [strings_array_member_number___1,strings_array_member_number___2,strings_array_member_number___3,strings_array_member_number___4,strings_array_member_number___5] | short_string___11 | [110.0,220.0]  | 160 | [253.0,506.0]   |  253 | [330,440]   | 115 | [true,false] | t  | AvroDude
 [120,240]  |  120 |  240 | [strings_array_member_number___1,strings_array_member_number___2,strings_array_member_number___3,strings_array_member_number___4,strings_array_member_number___5] | short_string___12 | [120.0,240.0]  | 170 | [276.0,552.0]   |  276 | [360,480]   | 125 | [true,false] | t  | AvroDude
 [130,260]  |  130 |  260 | [strings_array_member_number___1,strings_array_member_number___2,strings_array_member_number___3,strings_array_member_number___4,strings_array_member_number___5] | short_string___13 | [130.0,260.0]  | 180 | [299.0,598.0]   |  299 | [390,520]   | 135 | [true,false] | t  | AvroDude
 [140,280]  |  140 |  280 | [strings_array_member_number___1,strings_array_member_number___2,strings_array_member_number___3,strings_array_member_number___4,strings_array_member_number___5] | short_string___14 | [140.0,280.0]  | 190 | [322.0,644.0]   |  322 | [420,560]   | 145 | [true,false] | t  | AvroDude
 [150,300]  |  150 |  300 | [strings_array_member_number___1,strings_array_member_number___2,strings_array_member_number___3,strings_array_member_number___4,strings_array_member_number___5] | short_string___15 | [150.0,300.0]  | 200 | [345.0,690.0]   |  345 | [450,600]   | 155 | [true,false] | t  | AvroDude
 [160,320]  |  160 |  320 | [strings_array_member_number___1,strings_array_member_number___2,strings_array_member_number___3,strings_array_member_number___4,strings_array_member_number___5] | short_string___16 | [160.0,320.0]  | 210 | [368.0,736.0]   |  368 | [480,640]   | 165 | [true,false] | t  | AvroDude
 [170,340]  |  170 |  340 | [strings_array_member_number___1,strings_array_member_number___2,strings_array_member_number___3,strings_array_member_number___4,strings_array_member_number___5] | short_string___17 | [170.0,340.0]  | 220 | [391.0,782.0]   |  391 | [510,680]   | 175 | [true,false] | t  | AvroDude
 [180,360]  |  180 |  360 | [strings_array_member_number___1,strings_array_member_number___2,strings_array_member_number___3,strings_array_member_number___4,strings_array_member_number___5] | short_string___18 | [180.0,360.0]  | 230 | [414.0,828.0]   |  414 | [540,720]   | 185 | [true,false] | t  | AvroDude
 [190,380]  |  190 |  380 | [strings_array_member_number___1,strings_array_member_number___2,strings_array_member_number___3,strings_array_member_number___4,strings_array_member_number___5] | short_string___19 | [190.0,380.0]  | 240 | [437.0,874.0]   |  437 | [570,760]   | 195 | [true,false] | t  | AvroDude
 [20,40]    |   20 |   40 | [strings_array_member_number___1,strings_array_member_number___2,strings_array_member_number___3,strings_array_member_number___4,strings_array_member_number___5] | short_string___2  | [20.0,40.0]    |  70 | [46.0,92.0]     |   46 | [60,80]     |  25 | [true,false] | t  | AvroDude
 [200,400]  |  200 |  400 | [strings_array_member_number___1,strings_array_member_number___2,strings_array_member_number___3,strings_array_member_number___4,strings_array_member_number___5] | short_string___20 | [200.0,400.0]  | 250 | [460.0,920.0]   |  460 | [600,800]   | 205 | [true,false] | t  | AvroDude
 [210,420]  |  210 |  420 | [strings_array_member_number___1,strings_array_member_number___2,strings_array_member_number___3,strings_array_member_number___4,strings_array_member_number___5] | short_string___21 | [210.0,420.0]  | 260 | [483.0,966.0]   |  483 | [630,840]   | 215 | [true,false] | t  | AvroDude
 [220,440]  |  220 |  440 | [strings_array_member_number___1,strings_array_member_number___2,strings_array_member_number___3,strings_array_member_number___4,strings_array_member_number___5] | short_string___22 | [220.0,440.0]  | 270 | [506.0,1012.0]  |  506 | [660,880]   | 225 | [true,false] | t  | AvroDude
 [230,460]  |  230 |  460 | [strings_array_member_number___1,strings_array_member_number___2,strings_array_member_number___3,strings_array_member_number___4,strings_array_member_number___5] | short_string___23 | [230.0,460.0]  | 280 | [529.0,1058.0]  |  529 | [690,920]   | 235 | [true,false] | t  | AvroDude
 [240,480]  |  240 |  480 | [strings_array_member_number___1,strings_array_member_number___2,strings_array_member_number___3,strings_array_member_number___4,strings_array_member_number___5] | short_string___24 | [240.0,480.0]  | 290 | [552.0,1104.0]  |  552 | [720,960]   | 245 | [true,false] | t  | AvroDude
 [250,500]  |  250 |  500 | [strings_array_member_number___1,strings_array_member_number___2,strings_array_member_number___3,strings_array_member_number___4,strings_array_member_number___5] | short_string___25 | [250.0,500.0]  | 300 | [575.0,1150.0]  |  575 | [750,1000]  | 255 | [true,false] | t  | AvroDude
 [260,520]  |  260 |  520 | [strings_array_member_number___1,strings_array_member_number___2,strings_array_member_number___3,strings_array_member_number___4,strings_array_member_number___5] | short_string___26 | [260.0,520.0]  | 310 | [598.0,1196.0]  |  598 | [780,1040]  | 265 | [true,false] | t  | AvroDude
 [270,540]  |  270 |  540 | [strings_array_member_number___1,strings_array_member_number___2,strings_array_member_number___3,strings_array_member_number___4,strings_array_member_number___5] | short_string___27 | [270.0,540.0]  | 320 | [621.0,1242.0]  |  621 | [810,1080]  | 275 | [true,false] | t  | AvroDude
 [280,560]  |  280 |  560 | [strings_array_member_number___1,strings_array_member_number___2,strings_array_member_number___3,strings_array_member_number___4,strings_array_member_number___5] | short_string___28 | [280.0,560.0]  | 330 | [644.0,1288.0]  |  644 | [840,1120]  | 285 | [true,false] | t  | AvroDude
 [290,580]  |  290 |  580 | [strings_array_member_number___1,strings_array_member_number___2,strings_array_member_number___3,strings_array_member_number___4,strings_array_member_number___5] | short_string___29 | [290.0,580.0]  | 340 | [667.0,1334.0]  |  667 | [870,1160]  | 295 | [true,false] | t  | AvroDude
 [30,60]    |   30 |   60 | [strings_array_member_number___1,strings_array_member_number___2,strings_array_member_number___3,strings_array_member_number___4,strings_array_member_number___5] | short_string___3  | [30.0,60.0]    |  80 | [69.0,138.0]    |   69 | [90,120]    |  35 | [true,false] | t  | AvroDude
 [300,600]  |  300 |  600 | [strings_array_member_number___1,strings_array_member_number___2,strings_array_member_number___3,strings_array_member_number___4,strings_array_member_number___5] | short_string___30 | [300.0,600.0]  | 350 | [690.0,1380.0]  |  690 | [900,1200]  | 305 | [true,false] | t  | AvroDude
 [310,620]  |  310 |  620 | [strings_array_member_number___1,strings_array_member_number___2,strings_array_member_number___3,strings_array_member_number___4,strings_array_member_number___5] | short_string___31 | [310.0,620.0]  | 360 | [713.0,1426.0]  |  713 | [930,1240]  | 315 | [true,false] | t  | AvroDude
 [320,640]  |  320 |  640 | [strings_array_member_number___1,strings_array_member_number___2,strings_array_member_number___3,strings_array_member_number___4,strings_array_member_number___5] | short_string___32 | [320.0,640.0]  | 370 | [736.0,1472.0]  |  736 | [960,1280]  | 325 | [true,false] | t  | AvroDude
 [330,660]  |  330 |  660 | [strings_array_member_number___1,strings_array_member_number___2,strings_array_member_number___3,strings_array_member_number___4,strings_array_member_number___5] | short_string___33 | [330.0,660.0]  | 380 | [759.0,1518.0]  |  759 | [990,1320]  | 335 | [true,false] | t  | AvroDude
 [340,680]  |  340 |  680 | [strings_array_member_number___1,strings_array_member_number___2,strings_array_member_number___3,strings_array_member_number___4,strings_array_member_number___5] | short_string___34 | [340.0,680.0]  | 390 | [782.0,1564.0]  |  782 | [1020,1360] | 345 | [true,false] | t  | AvroDude
 [350,700]  |  350 |  700 | [strings_array_member_number___1,strings_array_member_number___2,strings_array_member_number___3,strings_array_member_number___4,strings_array_member_number___5] | short_string___35 | [350.0,700.0]  | 400 | [805.0,1610.0]  |  805 | [1050,1400] | 355 | [true,false] | t  | AvroDude
 [360,720]  |  360 |  720 | [strings_array_member_number___1,strings_array_member_number___2,strings_array_member_number___3,strings_array_member_number___4,strings_array_member_number___5] | short_string___36 | [360.0,720.0]  | 410 | [828.0,1656.0]  |  828 | [1080,1440] | 365 | [true,false] | t  | AvroDude
 [370,740]  |  370 |  740 | [strings_array_member_number___1,strings_array_member_number___2,strings_array_member_number___3,strings_array_member_number___4,strings_array_member_number___5] | short_string___37 | [370.0,740.0]  | 420 | [851.0,1702.0]  |  851 | [1110,1480] | 375 | [true,false] | t  | AvroDude
 [380,760]  |  380 |  760 | [strings_array_member_number___1,strings_array_member_number___2,strings_array_member_number___3,strings_array_member_number___4,strings_array_member_number___5] | short_string___38 | [380.0,760.0]  | 430 | [874.0,1748.0]  |  874 | [1140,1520] | 385 | [true,false] | t  | AvroDude
 [390,780]  |  390 |  780 | [strings_array_member_number___1,strings_array_member_number___2,strings_array_member_number___3,strings_array_member_number___4,strings_array_member_number___5] | short_string___39 | [390.0,780.0]  | 440 | [897.0,1794.0]  |  897 | [1170,1560] | 395 | [true,false] | t  | AvroDude
 [40,80]    |   40 |   80 | [strings_array_member_number___1,strings_array_member_number___2,strings_array_member_number___3,strings_array_member_number___4,strings_array_member_number___5] | short_string___4  | [40.0,80.0]    |  90 | [92.0,184.0]    |   92 | [120,160]   |  45 | [true,false] | t  | AvroDude
 [400,800]  |  400 |  800 | [strings_array_member_number___1,strings_array_member_number___2,strings_array_member_number___3,strings_array_member_number___4,strings_array_member_number___5] | short_string___40 | [400.0,800.0]  | 450 | [920.0,1840.0]  |  920 | [1200,1600] | 405 | [true,false] | t  | AvroDude
 [410,820]  |  410 |  820 | [strings_array_member_number___1,strings_array_member_number___2,strings_array_member_number___3,strings_array_member_number___4,strings_array_member_number___5] | short_string___41 | [410.0,820.0]  | 460 | [943.0,1886.0]  |  943 | [1230,1640] | 415 | [true,false] | t  | AvroDude
 [420,840]  |  420 |  840 | [strings_array_member_number___1,strings_array_member_number___2,strings_array_member_number___3,strings_array_member_number___4,strings_array_member_number___5] | short_string___42 | [420.0,840.0]  | 470 | [966.0,1932.0]  |  966 | [1260,1680] | 425 | [true,false] | t  | AvroDude
 [430,860]  |  430 |  860 | [strings_array_member_number___1,strings_array_member_number___2,strings_array_member_number___3,strings_array_member_number___4,strings_array_member_number___5] | short_string___43 | [430.0,860.0]  | 480 | [989.0,1978.0]  |  989 | [1290,1720] | 435 | [true,false] | t  | AvroDude
 [440,880]  |  440 |  880 | [strings_array_member_number___1,strings_array_member_number___2,strings_array_member_number___3,strings_array_member_number___4,strings_array_member_number___5] | short_string___44 | [440.0,880.0]  | 490 | [1012.0,2024.0] | 1012 | [1320,1760] | 445 | [true,false] | t  | AvroDude
 [450,900]  |  450 |  900 | [strings_array_member_number___1,strings_array_member_number___2,strings_array_member_number___3,strings_array_member_number___4,strings_array_member_number___5] | short_string___45 | [450.0,900.0]  | 500 | [1035.0,2070.0] | 1035 | [1350,1800] | 455 | [true,false] | t  | AvroDude
 [460,920]  |  460 |  920 | [strings_array_member_number___1,strings_array_member_number___2,strings_array_member_number___3,strings_array_member_number___4,strings_array_member_number___5] | short_string___46 | [460.0,920.0]  | 510 | [1058.0,2116.0] | 1058 | [1380,1840] | 465 | [true,false] | t  | AvroDude
 [470,940]  |  470 |  940 | [strings_array_member_number___1,strings_array_member_number___2,strings_array_member_number___3,strings_array_member_number___4,strings_array_member_number___5] | short_string___47 | [470.0,940.0]  | 520 | [1081.0,2162.0] | 1081 | [1410,1880] | 475 | [true,false] | t  | AvroDude
 [480,960]  |  480 |  960 | [strings_array_member_number___1,strings_array_member_number___2,strings_array_member_number___3,strings_array_member_number___4,strings_array_member_number___5] | short_string___48 | [480.0,960.0]  | 530 | [1104.0,2208.0] | 1104 | [1440,1920] | 485 | [true,false] | t  | AvroDude
 [490,980]  |  490 |  980 | [strings_array_member_number___1,strings_array_member_number___2,strings_array_member_number___3,strings_array_member_number___4,strings_array_member_number___5] | short_string___49 | [490.0,980.0]  | 540 | [1127.0,2254.0] | 1127 | [1470,1960] | 495 | [true,false] | t  | AvroDude
 [50,100]   |   50 |  100 | [strings_array_member_number___1,strings_array_member_number___2,strings_array_member_number___3,strings_array_member_number___4,strings_array_member_number___5] | short_string___5  | [50.0,100.0]   | 100 | [115.0,230.0]   |  115 | [150,200]   |  55 | [true,false] | t  | AvroDude
 [500,1000] |  500 | 1000 | [strings_array_member_number___1,strings_array_member_number___2,strings_array_member_number___3,strings_array_member_number___4,strings_array_member_number___5] | short_string___50 | [500.0,1000.0] | 550 | [1150.0,2300.0] | 1150 | [1500,2000] | 505 | [true,false] | t  | AvroDude
 [60,120]   |   60 |  120 | [strings_array_member_number___1,strings_array_member_number___2,strings_array_member_number___3,strings_array_member_number___4,strings_array_member_number___5] | short_string___6  | [60.0,120.0]   | 110 | [138.0,276.0]   |  138 | [180,240]   |  65 | [true,false] | t  | AvroDude
 [70,140]   |   70 |  140 | [strings_array_member_number___1,strings_array_member_number___2,strings_array_member_number___3,strings_array_member_number___4,strings_array_member_number___5] | short_string___7  | [70.0,140.0]   | 120 | [161.0,322.0]   |  161 | [210,280]   |  75 | [true,false] | t  | AvroDude
 [80,160]   |   80 |  160 | [strings_array_member_number___1,strings_array_member_number___2,strings_array_member_number___3,strings_array_member_number___4,strings_array_member_number___5] | short_string___8  | [80.0,160.0]   | 130 | [184.0,368.0]   |  184 | [240,320]   |  85 | [true,false] | t  | AvroDude
 [90,180]   |   90 |  180 | [strings_array_member_number___1,strings_array_member_number___2,strings_array_member_number___3,strings_array_member_number___4,strings_array_member_number___5] | short_string___9  | [90.0,180.0]   | 140 | [207.0,414.0]   |  207 | [270,360]   |  95 | [true,false] | t  | AvroDude
(50 rows)

