-- start_ignore
-- end_ignore
-- @description query01 tests that delimiters are disabled when table creation has delimiter 'off'
--
select * from hcfs_text_delimiter_off;
                 text_blob                 
-------------------------------------------
 first line
 second line
 third line
 no delimiter, in this file
 commas (,) should be ignored
 a total of 6 lines should be reported ,,,
(6 rows)

