-- @description query01 for PXF Hive table with multiple partitions
SELECT * FROM hive_partitions_all_types ORDER BY t1;
          t1          |  t2  | num1 | dub1 |         dec1         |         tm          |  r   |    bg    | b | tn | sml  |     dt     |  vc1  | c1  | bin 
----------------------+------+------+------+----------------------+---------------------+------+----------+---+----+------+------------+-------+-----+-----
 row1                 | s_6  |    1 |    6 |              1.23456 | 2013-07-13 21:00:05 |  7.7 | 23456789 | f |  1 |   10 | 2015-03-06 | abcd  | abc | 31
 row10                | s_15 |   10 |   15 |    45678.00002340089 | 2013-07-22 21:00:05 |  7.7 | 23456789 | t | 10 | 1000 | 2015-03-06 | abcde | abc | 30
 row11                | s_16 |   11 |   37 | 0.123456789012345679 | 2013-07-23 21:00:05 |  7.7 | 23456789 | f | 11 | 1100 | 2015-03-06 | abcde | ab  | 31
 row12_text_null      |      |   11 |   37 | 0.123456789012345679 | 2013-07-23 21:00:05 |  7.7 | 23456789 | f | 11 | 1100 | 2015-03-06 | abcde | ab  | 31
 row13_int_null       | s_16 |      |   37 | 0.123456789012345679 | 2013-07-23 21:00:05 |  7.7 | 23456789 | f | 11 | 1100 | 2015-03-06 | abcde | ab  | 31
 row14_double_null    | s_16 |   11 |      | 0.123456789012345679 | 2013-07-23 21:00:05 |  7.7 | 23456789 | f | 11 | 1100 | 2015-03-06 | abcde | ab  | 31
 row15_decimal_null   | s_17 |   12 |   38 |                      | 2013-07-24 21:00:05 |  7.7 | 23456789 | f | 11 | 1100 | 2015-03-06 | abcde | ab  | 31
 row16_timestamp_null | s_16 |   11 |   37 | 0.123456789012345679 |                     |  7.7 | 23456789 | f | 11 | 1100 | 2015-03-06 | abcde | ab  | 31
 row17_real_null      | s_16 |   11 |   37 | 0.123456789012345679 | 2013-07-23 21:00:05 |      | 23456789 | f | 11 | 1100 | 2015-03-06 | abcde | ab  | 31
 row18_bigint_null    | s_16 |   11 |   37 | 0.123456789012345679 | 2013-07-23 21:00:05 |  7.7 |          | f | 11 | 1100 | 2015-03-06 | abcde | ab  | 31
 row19_bool_null      | s_16 |   11 |   37 | 0.123456789012345679 | 2013-07-23 21:00:05 |  7.7 | 23456789 |   | 11 | 1100 | 2015-03-06 | abcde | ab  | 31
 row2                 | s_7  |    2 |    7 |              1.23456 | 2013-07-13 21:00:05 |  8.7 | 23456789 | t |  2 |   20 | 2015-03-06 | abcde | abc | 32
 row20_tinyint_null   | s_16 |   11 |   37 | 0.123456789012345679 | 2013-07-23 21:00:05 |  7.7 | 23456789 | f |    | 1100 | 2015-03-06 | abcde | ab  | 31
 row21_smallint_null  | s_16 |   11 |   37 | 0.123456789012345679 | 2013-07-23 21:00:05 |  7.7 | 23456789 | f | 11 |      | 2015-03-06 | abcde | ab  | 31
 row22_date_null      | s_16 |   11 |   37 | 0.123456789012345679 | 2013-07-23 21:00:05 |  7.7 | 23456789 | f | 11 | 1100 |            | abcde | ab  | 31
 row23_varchar_null   | s_16 |   11 |   37 | 0.123456789012345679 | 2013-07-23 21:00:05 |  7.7 | 23456789 | f | 11 | 1100 | 2015-03-06 |       | ab  | 31
 row24_char_null      | s_16 |   11 |   37 | 0.123456789012345679 | 2013-07-23 21:00:05 |  7.7 | 23456789 | f | 11 | 1100 | 2015-03-06 | abcde |     | 31
 row25_binary_null    | s_16 |   11 |   37 | 0.123456789012345679 | 2013-07-23 21:00:05 |  7.7 | 23456789 | f |  1 | 1100 | 2015-03-06 | abcde | ab  | 
 row3                 | s_8  |    3 |    8 |             -1.23456 | 2013-07-15 21:00:05 |  9.7 | 23456789 | f |  3 |  300 | 2015-03-06 | abcde | abc | 33
 row4                 | s_9  |    4 |    9 |  123456789.123456789 | 2013-07-16 21:00:05 | 10.7 | 23456789 | t |  4 |  400 | 2015-03-06 | abcde | abc | 34
 row5                 | s_10 |    5 |   10 |       0.000000000001 | 2013-07-17 21:00:05 | 11.7 | 23456789 | f |  5 |  500 | 2015-03-06 | abcde | abc | 35
 row6                 | s_11 |    6 |   11 |      1234.8889999111 | 2013-07-18 21:00:05 | 12.7 | 23456789 | t |  6 |  600 | 2015-03-06 | abcde | abc | 36
 row7                 | s_12 |    7 |   12 |               0.0001 | 2013-07-19 21:00:05 |  7.7 | 23456789 | f |  7 |  700 | 2015-03-06 | abcde | abc | 37
 row8                 | s_13 |    8 |   13 |    45678.00002340089 | 2013-07-20 21:00:05 |  7.7 | 23456789 | t |  8 |  800 | 2015-03-06 | abcde | abc | 38
 row9                 | s_14 |    9 |   14 |              23457.1 | 2013-07-21 21:00:05 |  7.7 | 23456789 | f |  9 |  900 | 2015-03-06 | abcde | abc | 39
(25 rows)

SELECT * FROM hive_partitions_all_types WHERE t2 = 's_16'  ORDER BY t1;
          t1          |  t2  | num1 | dub1 |         dec1         |         tm          |  r  |    bg    | b | tn | sml  |     dt     |  vc1  | c1  | bin 
----------------------+------+------+------+----------------------+---------------------+-----+----------+---+----+------+------------+-------+-----+-----
 row11                | s_16 |   11 |   37 | 0.123456789012345679 | 2013-07-23 21:00:05 | 7.7 | 23456789 | f | 11 | 1100 | 2015-03-06 | abcde | ab  | 31
 row13_int_null       | s_16 |      |   37 | 0.123456789012345679 | 2013-07-23 21:00:05 | 7.7 | 23456789 | f | 11 | 1100 | 2015-03-06 | abcde | ab  | 31
 row14_double_null    | s_16 |   11 |      | 0.123456789012345679 | 2013-07-23 21:00:05 | 7.7 | 23456789 | f | 11 | 1100 | 2015-03-06 | abcde | ab  | 31
 row16_timestamp_null | s_16 |   11 |   37 | 0.123456789012345679 |                     | 7.7 | 23456789 | f | 11 | 1100 | 2015-03-06 | abcde | ab  | 31
 row17_real_null      | s_16 |   11 |   37 | 0.123456789012345679 | 2013-07-23 21:00:05 |     | 23456789 | f | 11 | 1100 | 2015-03-06 | abcde | ab  | 31
 row18_bigint_null    | s_16 |   11 |   37 | 0.123456789012345679 | 2013-07-23 21:00:05 | 7.7 |          | f | 11 | 1100 | 2015-03-06 | abcde | ab  | 31
 row19_bool_null      | s_16 |   11 |   37 | 0.123456789012345679 | 2013-07-23 21:00:05 | 7.7 | 23456789 |   | 11 | 1100 | 2015-03-06 | abcde | ab  | 31
 row20_tinyint_null   | s_16 |   11 |   37 | 0.123456789012345679 | 2013-07-23 21:00:05 | 7.7 | 23456789 | f |    | 1100 | 2015-03-06 | abcde | ab  | 31
 row21_smallint_null  | s_16 |   11 |   37 | 0.123456789012345679 | 2013-07-23 21:00:05 | 7.7 | 23456789 | f | 11 |      | 2015-03-06 | abcde | ab  | 31
 row22_date_null      | s_16 |   11 |   37 | 0.123456789012345679 | 2013-07-23 21:00:05 | 7.7 | 23456789 | f | 11 | 1100 |            | abcde | ab  | 31
 row23_varchar_null   | s_16 |   11 |   37 | 0.123456789012345679 | 2013-07-23 21:00:05 | 7.7 | 23456789 | f | 11 | 1100 | 2015-03-06 |       | ab  | 31
 row24_char_null      | s_16 |   11 |   37 | 0.123456789012345679 | 2013-07-23 21:00:05 | 7.7 | 23456789 | f | 11 | 1100 | 2015-03-06 | abcde |     | 31
 row25_binary_null    | s_16 |   11 |   37 | 0.123456789012345679 | 2013-07-23 21:00:05 | 7.7 | 23456789 | f |  1 | 1100 | 2015-03-06 | abcde | ab  | 
(13 rows)

SELECT * FROM hive_partitions_all_types WHERE num1 = 10 ORDER BY t1;
  t1   |  t2  | num1 | dub1 |       dec1        |         tm          |  r  |    bg    | b | tn | sml  |     dt     |  vc1  | c1  | bin 
-------+------+------+------+-------------------+---------------------+-----+----------+---+----+------+------------+-------+-----+-----
 row10 | s_15 |   10 |   15 | 45678.00002340089 | 2013-07-22 21:00:05 | 7.7 | 23456789 | t | 10 | 1000 | 2015-03-06 | abcde | abc | 30
(1 row)

SELECT * FROM hive_partitions_all_types WHERE dub1 = 37 ORDER BY t1;
          t1          |  t2  | num1 | dub1 |         dec1         |         tm          |  r  |    bg    | b | tn | sml  |     dt     |  vc1  | c1  | bin 
----------------------+------+------+------+----------------------+---------------------+-----+----------+---+----+------+------------+-------+-----+-----
 row11                | s_16 |   11 |   37 | 0.123456789012345679 | 2013-07-23 21:00:05 | 7.7 | 23456789 | f | 11 | 1100 | 2015-03-06 | abcde | ab  | 31
 row12_text_null      |      |   11 |   37 | 0.123456789012345679 | 2013-07-23 21:00:05 | 7.7 | 23456789 | f | 11 | 1100 | 2015-03-06 | abcde | ab  | 31
 row13_int_null       | s_16 |      |   37 | 0.123456789012345679 | 2013-07-23 21:00:05 | 7.7 | 23456789 | f | 11 | 1100 | 2015-03-06 | abcde | ab  | 31
 row16_timestamp_null | s_16 |   11 |   37 | 0.123456789012345679 |                     | 7.7 | 23456789 | f | 11 | 1100 | 2015-03-06 | abcde | ab  | 31
 row17_real_null      | s_16 |   11 |   37 | 0.123456789012345679 | 2013-07-23 21:00:05 |     | 23456789 | f | 11 | 1100 | 2015-03-06 | abcde | ab  | 31
 row18_bigint_null    | s_16 |   11 |   37 | 0.123456789012345679 | 2013-07-23 21:00:05 | 7.7 |          | f | 11 | 1100 | 2015-03-06 | abcde | ab  | 31
 row19_bool_null      | s_16 |   11 |   37 | 0.123456789012345679 | 2013-07-23 21:00:05 | 7.7 | 23456789 |   | 11 | 1100 | 2015-03-06 | abcde | ab  | 31
 row20_tinyint_null   | s_16 |   11 |   37 | 0.123456789012345679 | 2013-07-23 21:00:05 | 7.7 | 23456789 | f |    | 1100 | 2015-03-06 | abcde | ab  | 31
 row21_smallint_null  | s_16 |   11 |   37 | 0.123456789012345679 | 2013-07-23 21:00:05 | 7.7 | 23456789 | f | 11 |      | 2015-03-06 | abcde | ab  | 31
 row22_date_null      | s_16 |   11 |   37 | 0.123456789012345679 | 2013-07-23 21:00:05 | 7.7 | 23456789 | f | 11 | 1100 |            | abcde | ab  | 31
 row23_varchar_null   | s_16 |   11 |   37 | 0.123456789012345679 | 2013-07-23 21:00:05 | 7.7 | 23456789 | f | 11 | 1100 | 2015-03-06 |       | ab  | 31
 row24_char_null      | s_16 |   11 |   37 | 0.123456789012345679 | 2013-07-23 21:00:05 | 7.7 | 23456789 | f | 11 | 1100 | 2015-03-06 | abcde |     | 31
 row25_binary_null    | s_16 |   11 |   37 | 0.123456789012345679 | 2013-07-23 21:00:05 | 7.7 | 23456789 | f |  1 | 1100 | 2015-03-06 | abcde | ab  | 
(13 rows)

SELECT * FROM hive_partitions_all_types WHERE dec1 = 0.123456789012345679 ORDER BY t1;
          t1          |  t2  | num1 | dub1 |         dec1         |         tm          |  r  |    bg    | b | tn | sml  |     dt     |  vc1  | c1  | bin 
----------------------+------+------+------+----------------------+---------------------+-----+----------+---+----+------+------------+-------+-----+-----
 row11                | s_16 |   11 |   37 | 0.123456789012345679 | 2013-07-23 21:00:05 | 7.7 | 23456789 | f | 11 | 1100 | 2015-03-06 | abcde | ab  | 31
 row12_text_null      |      |   11 |   37 | 0.123456789012345679 | 2013-07-23 21:00:05 | 7.7 | 23456789 | f | 11 | 1100 | 2015-03-06 | abcde | ab  | 31
 row13_int_null       | s_16 |      |   37 | 0.123456789012345679 | 2013-07-23 21:00:05 | 7.7 | 23456789 | f | 11 | 1100 | 2015-03-06 | abcde | ab  | 31
 row14_double_null    | s_16 |   11 |      | 0.123456789012345679 | 2013-07-23 21:00:05 | 7.7 | 23456789 | f | 11 | 1100 | 2015-03-06 | abcde | ab  | 31
 row16_timestamp_null | s_16 |   11 |   37 | 0.123456789012345679 |                     | 7.7 | 23456789 | f | 11 | 1100 | 2015-03-06 | abcde | ab  | 31
 row17_real_null      | s_16 |   11 |   37 | 0.123456789012345679 | 2013-07-23 21:00:05 |     | 23456789 | f | 11 | 1100 | 2015-03-06 | abcde | ab  | 31
 row18_bigint_null    | s_16 |   11 |   37 | 0.123456789012345679 | 2013-07-23 21:00:05 | 7.7 |          | f | 11 | 1100 | 2015-03-06 | abcde | ab  | 31
 row19_bool_null      | s_16 |   11 |   37 | 0.123456789012345679 | 2013-07-23 21:00:05 | 7.7 | 23456789 |   | 11 | 1100 | 2015-03-06 | abcde | ab  | 31
 row20_tinyint_null   | s_16 |   11 |   37 | 0.123456789012345679 | 2013-07-23 21:00:05 | 7.7 | 23456789 | f |    | 1100 | 2015-03-06 | abcde | ab  | 31
 row21_smallint_null  | s_16 |   11 |   37 | 0.123456789012345679 | 2013-07-23 21:00:05 | 7.7 | 23456789 | f | 11 |      | 2015-03-06 | abcde | ab  | 31
 row22_date_null      | s_16 |   11 |   37 | 0.123456789012345679 | 2013-07-23 21:00:05 | 7.7 | 23456789 | f | 11 | 1100 |            | abcde | ab  | 31
 row23_varchar_null   | s_16 |   11 |   37 | 0.123456789012345679 | 2013-07-23 21:00:05 | 7.7 | 23456789 | f | 11 | 1100 | 2015-03-06 |       | ab  | 31
 row24_char_null      | s_16 |   11 |   37 | 0.123456789012345679 | 2013-07-23 21:00:05 | 7.7 | 23456789 | f | 11 | 1100 | 2015-03-06 | abcde |     | 31
 row25_binary_null    | s_16 |   11 |   37 | 0.123456789012345679 | 2013-07-23 21:00:05 | 7.7 | 23456789 | f |  1 | 1100 | 2015-03-06 | abcde | ab  | 
(14 rows)

SELECT * FROM hive_partitions_all_types WHERE tm = '2013-07-23 21:00:05' ORDER BY t1;
         t1          |  t2  | num1 | dub1 |         dec1         |         tm          |  r  |    bg    | b | tn | sml  |     dt     |  vc1  | c1  | bin 
---------------------+------+------+------+----------------------+---------------------+-----+----------+---+----+------+------------+-------+-----+-----
 row11               | s_16 |   11 |   37 | 0.123456789012345679 | 2013-07-23 21:00:05 | 7.7 | 23456789 | f | 11 | 1100 | 2015-03-06 | abcde | ab  | 31
 row12_text_null     |      |   11 |   37 | 0.123456789012345679 | 2013-07-23 21:00:05 | 7.7 | 23456789 | f | 11 | 1100 | 2015-03-06 | abcde | ab  | 31
 row13_int_null      | s_16 |      |   37 | 0.123456789012345679 | 2013-07-23 21:00:05 | 7.7 | 23456789 | f | 11 | 1100 | 2015-03-06 | abcde | ab  | 31
 row14_double_null   | s_16 |   11 |      | 0.123456789012345679 | 2013-07-23 21:00:05 | 7.7 | 23456789 | f | 11 | 1100 | 2015-03-06 | abcde | ab  | 31
 row17_real_null     | s_16 |   11 |   37 | 0.123456789012345679 | 2013-07-23 21:00:05 |     | 23456789 | f | 11 | 1100 | 2015-03-06 | abcde | ab  | 31
 row18_bigint_null   | s_16 |   11 |   37 | 0.123456789012345679 | 2013-07-23 21:00:05 | 7.7 |          | f | 11 | 1100 | 2015-03-06 | abcde | ab  | 31
 row19_bool_null     | s_16 |   11 |   37 | 0.123456789012345679 | 2013-07-23 21:00:05 | 7.7 | 23456789 |   | 11 | 1100 | 2015-03-06 | abcde | ab  | 31
 row20_tinyint_null  | s_16 |   11 |   37 | 0.123456789012345679 | 2013-07-23 21:00:05 | 7.7 | 23456789 | f |    | 1100 | 2015-03-06 | abcde | ab  | 31
 row21_smallint_null | s_16 |   11 |   37 | 0.123456789012345679 | 2013-07-23 21:00:05 | 7.7 | 23456789 | f | 11 |      | 2015-03-06 | abcde | ab  | 31
 row22_date_null     | s_16 |   11 |   37 | 0.123456789012345679 | 2013-07-23 21:00:05 | 7.7 | 23456789 | f | 11 | 1100 |            | abcde | ab  | 31
 row23_varchar_null  | s_16 |   11 |   37 | 0.123456789012345679 | 2013-07-23 21:00:05 | 7.7 | 23456789 | f | 11 | 1100 | 2015-03-06 |       | ab  | 31
 row24_char_null     | s_16 |   11 |   37 | 0.123456789012345679 | 2013-07-23 21:00:05 | 7.7 | 23456789 | f | 11 | 1100 | 2015-03-06 | abcde |     | 31
 row25_binary_null   | s_16 |   11 |   37 | 0.123456789012345679 | 2013-07-23 21:00:05 | 7.7 | 23456789 | f |  1 | 1100 | 2015-03-06 | abcde | ab  | 
(13 rows)

SELECT * FROM hive_partitions_all_types WHERE r::numeric = 7.7 ORDER BY t1;
          t1          |  t2  | num1 | dub1 |         dec1         |         tm          |  r  |    bg    | b | tn | sml  |     dt     |  vc1  | c1  | bin 
----------------------+------+------+------+----------------------+---------------------+-----+----------+---+----+------+------------+-------+-----+-----
 row1                 | s_6  |    1 |    6 |              1.23456 | 2013-07-13 21:00:05 | 7.7 | 23456789 | f |  1 |   10 | 2015-03-06 | abcd  | abc | 31
 row10                | s_15 |   10 |   15 |    45678.00002340089 | 2013-07-22 21:00:05 | 7.7 | 23456789 | t | 10 | 1000 | 2015-03-06 | abcde | abc | 30
 row11                | s_16 |   11 |   37 | 0.123456789012345679 | 2013-07-23 21:00:05 | 7.7 | 23456789 | f | 11 | 1100 | 2015-03-06 | abcde | ab  | 31
 row12_text_null      |      |   11 |   37 | 0.123456789012345679 | 2013-07-23 21:00:05 | 7.7 | 23456789 | f | 11 | 1100 | 2015-03-06 | abcde | ab  | 31
 row13_int_null       | s_16 |      |   37 | 0.123456789012345679 | 2013-07-23 21:00:05 | 7.7 | 23456789 | f | 11 | 1100 | 2015-03-06 | abcde | ab  | 31
 row14_double_null    | s_16 |   11 |      | 0.123456789012345679 | 2013-07-23 21:00:05 | 7.7 | 23456789 | f | 11 | 1100 | 2015-03-06 | abcde | ab  | 31
 row15_decimal_null   | s_17 |   12 |   38 |                      | 2013-07-24 21:00:05 | 7.7 | 23456789 | f | 11 | 1100 | 2015-03-06 | abcde | ab  | 31
 row16_timestamp_null | s_16 |   11 |   37 | 0.123456789012345679 |                     | 7.7 | 23456789 | f | 11 | 1100 | 2015-03-06 | abcde | ab  | 31
 row18_bigint_null    | s_16 |   11 |   37 | 0.123456789012345679 | 2013-07-23 21:00:05 | 7.7 |          | f | 11 | 1100 | 2015-03-06 | abcde | ab  | 31
 row19_bool_null      | s_16 |   11 |   37 | 0.123456789012345679 | 2013-07-23 21:00:05 | 7.7 | 23456789 |   | 11 | 1100 | 2015-03-06 | abcde | ab  | 31
 row20_tinyint_null   | s_16 |   11 |   37 | 0.123456789012345679 | 2013-07-23 21:00:05 | 7.7 | 23456789 | f |    | 1100 | 2015-03-06 | abcde | ab  | 31
 row21_smallint_null  | s_16 |   11 |   37 | 0.123456789012345679 | 2013-07-23 21:00:05 | 7.7 | 23456789 | f | 11 |      | 2015-03-06 | abcde | ab  | 31
 row22_date_null      | s_16 |   11 |   37 | 0.123456789012345679 | 2013-07-23 21:00:05 | 7.7 | 23456789 | f | 11 | 1100 |            | abcde | ab  | 31
 row23_varchar_null   | s_16 |   11 |   37 | 0.123456789012345679 | 2013-07-23 21:00:05 | 7.7 | 23456789 | f | 11 | 1100 | 2015-03-06 |       | ab  | 31
 row24_char_null      | s_16 |   11 |   37 | 0.123456789012345679 | 2013-07-23 21:00:05 | 7.7 | 23456789 | f | 11 | 1100 | 2015-03-06 | abcde |     | 31
 row25_binary_null    | s_16 |   11 |   37 | 0.123456789012345679 | 2013-07-23 21:00:05 | 7.7 | 23456789 | f |  1 | 1100 | 2015-03-06 | abcde | ab  | 
 row7                 | s_12 |    7 |   12 |               0.0001 | 2013-07-19 21:00:05 | 7.7 | 23456789 | f |  7 |  700 | 2015-03-06 | abcde | abc | 37
 row8                 | s_13 |    8 |   13 |    45678.00002340089 | 2013-07-20 21:00:05 | 7.7 | 23456789 | t |  8 |  800 | 2015-03-06 | abcde | abc | 38
 row9                 | s_14 |    9 |   14 |              23457.1 | 2013-07-21 21:00:05 | 7.7 | 23456789 | f |  9 |  900 | 2015-03-06 | abcde | abc | 39
(19 rows)

SELECT * FROM hive_partitions_all_types WHERE bg = 23456789 ORDER BY t1;
          t1          |  t2  | num1 | dub1 |         dec1         |         tm          |  r   |    bg    | b | tn | sml  |     dt     |  vc1  | c1  | bin 
----------------------+------+------+------+----------------------+---------------------+------+----------+---+----+------+------------+-------+-----+-----
 row1                 | s_6  |    1 |    6 |              1.23456 | 2013-07-13 21:00:05 |  7.7 | 23456789 | f |  1 |   10 | 2015-03-06 | abcd  | abc | 31
 row10                | s_15 |   10 |   15 |    45678.00002340089 | 2013-07-22 21:00:05 |  7.7 | 23456789 | t | 10 | 1000 | 2015-03-06 | abcde | abc | 30
 row11                | s_16 |   11 |   37 | 0.123456789012345679 | 2013-07-23 21:00:05 |  7.7 | 23456789 | f | 11 | 1100 | 2015-03-06 | abcde | ab  | 31
 row12_text_null      |      |   11 |   37 | 0.123456789012345679 | 2013-07-23 21:00:05 |  7.7 | 23456789 | f | 11 | 1100 | 2015-03-06 | abcde | ab  | 31
 row13_int_null       | s_16 |      |   37 | 0.123456789012345679 | 2013-07-23 21:00:05 |  7.7 | 23456789 | f | 11 | 1100 | 2015-03-06 | abcde | ab  | 31
 row14_double_null    | s_16 |   11 |      | 0.123456789012345679 | 2013-07-23 21:00:05 |  7.7 | 23456789 | f | 11 | 1100 | 2015-03-06 | abcde | ab  | 31
 row15_decimal_null   | s_17 |   12 |   38 |                      | 2013-07-24 21:00:05 |  7.7 | 23456789 | f | 11 | 1100 | 2015-03-06 | abcde | ab  | 31
 row16_timestamp_null | s_16 |   11 |   37 | 0.123456789012345679 |                     |  7.7 | 23456789 | f | 11 | 1100 | 2015-03-06 | abcde | ab  | 31
 row17_real_null      | s_16 |   11 |   37 | 0.123456789012345679 | 2013-07-23 21:00:05 |      | 23456789 | f | 11 | 1100 | 2015-03-06 | abcde | ab  | 31
 row19_bool_null      | s_16 |   11 |   37 | 0.123456789012345679 | 2013-07-23 21:00:05 |  7.7 | 23456789 |   | 11 | 1100 | 2015-03-06 | abcde | ab  | 31
 row2                 | s_7  |    2 |    7 |              1.23456 | 2013-07-13 21:00:05 |  8.7 | 23456789 | t |  2 |   20 | 2015-03-06 | abcde | abc | 32
 row20_tinyint_null   | s_16 |   11 |   37 | 0.123456789012345679 | 2013-07-23 21:00:05 |  7.7 | 23456789 | f |    | 1100 | 2015-03-06 | abcde | ab  | 31
 row21_smallint_null  | s_16 |   11 |   37 | 0.123456789012345679 | 2013-07-23 21:00:05 |  7.7 | 23456789 | f | 11 |      | 2015-03-06 | abcde | ab  | 31
 row22_date_null      | s_16 |   11 |   37 | 0.123456789012345679 | 2013-07-23 21:00:05 |  7.7 | 23456789 | f | 11 | 1100 |            | abcde | ab  | 31
 row23_varchar_null   | s_16 |   11 |   37 | 0.123456789012345679 | 2013-07-23 21:00:05 |  7.7 | 23456789 | f | 11 | 1100 | 2015-03-06 |       | ab  | 31
 row24_char_null      | s_16 |   11 |   37 | 0.123456789012345679 | 2013-07-23 21:00:05 |  7.7 | 23456789 | f | 11 | 1100 | 2015-03-06 | abcde |     | 31
 row25_binary_null    | s_16 |   11 |   37 | 0.123456789012345679 | 2013-07-23 21:00:05 |  7.7 | 23456789 | f |  1 | 1100 | 2015-03-06 | abcde | ab  | 
 row3                 | s_8  |    3 |    8 |             -1.23456 | 2013-07-15 21:00:05 |  9.7 | 23456789 | f |  3 |  300 | 2015-03-06 | abcde | abc | 33
 row4                 | s_9  |    4 |    9 |  123456789.123456789 | 2013-07-16 21:00:05 | 10.7 | 23456789 | t |  4 |  400 | 2015-03-06 | abcde | abc | 34
 row5                 | s_10 |    5 |   10 |       0.000000000001 | 2013-07-17 21:00:05 | 11.7 | 23456789 | f |  5 |  500 | 2015-03-06 | abcde | abc | 35
 row6                 | s_11 |    6 |   11 |      1234.8889999111 | 2013-07-18 21:00:05 | 12.7 | 23456789 | t |  6 |  600 | 2015-03-06 | abcde | abc | 36
 row7                 | s_12 |    7 |   12 |               0.0001 | 2013-07-19 21:00:05 |  7.7 | 23456789 | f |  7 |  700 | 2015-03-06 | abcde | abc | 37
 row8                 | s_13 |    8 |   13 |    45678.00002340089 | 2013-07-20 21:00:05 |  7.7 | 23456789 | t |  8 |  800 | 2015-03-06 | abcde | abc | 38
 row9                 | s_14 |    9 |   14 |              23457.1 | 2013-07-21 21:00:05 |  7.7 | 23456789 | f |  9 |  900 | 2015-03-06 | abcde | abc | 39
(24 rows)

SELECT * FROM hive_partitions_all_types WHERE b = 'true' ORDER BY t1;
  t1   |  t2  | num1 | dub1 |        dec1         |         tm          |  r   |    bg    | b | tn | sml  |     dt     |  vc1  | c1  | bin 
-------+------+------+------+---------------------+---------------------+------+----------+---+----+------+------------+-------+-----+-----
 row10 | s_15 |   10 |   15 |   45678.00002340089 | 2013-07-22 21:00:05 |  7.7 | 23456789 | t | 10 | 1000 | 2015-03-06 | abcde | abc | 30
 row2  | s_7  |    2 |    7 |             1.23456 | 2013-07-13 21:00:05 |  8.7 | 23456789 | t |  2 |   20 | 2015-03-06 | abcde | abc | 32
 row4  | s_9  |    4 |    9 | 123456789.123456789 | 2013-07-16 21:00:05 | 10.7 | 23456789 | t |  4 |  400 | 2015-03-06 | abcde | abc | 34
 row6  | s_11 |    6 |   11 |     1234.8889999111 | 2013-07-18 21:00:05 | 12.7 | 23456789 | t |  6 |  600 | 2015-03-06 | abcde | abc | 36
 row8  | s_13 |    8 |   13 |   45678.00002340089 | 2013-07-20 21:00:05 |  7.7 | 23456789 | t |  8 |  800 | 2015-03-06 | abcde | abc | 38
(5 rows)

SELECT * FROM hive_partitions_all_types WHERE tn = 4 ORDER BY t1;
  t1  | t2  | num1 | dub1 |        dec1         |         tm          |  r   |    bg    | b | tn | sml |     dt     |  vc1  | c1  | bin 
------+-----+------+------+---------------------+---------------------+------+----------+---+----+-----+------------+-------+-----+-----
 row4 | s_9 |    4 |    9 | 123456789.123456789 | 2013-07-16 21:00:05 | 10.7 | 23456789 | t |  4 | 400 | 2015-03-06 | abcde | abc | 34
(1 row)

SELECT * FROM hive_partitions_all_types WHERE sml = 1100 ORDER BY t1;
          t1          |  t2  | num1 | dub1 |         dec1         |         tm          |  r  |    bg    | b | tn | sml  |     dt     |  vc1  | c1  | bin 
----------------------+------+------+------+----------------------+---------------------+-----+----------+---+----+------+------------+-------+-----+-----
 row11                | s_16 |   11 |   37 | 0.123456789012345679 | 2013-07-23 21:00:05 | 7.7 | 23456789 | f | 11 | 1100 | 2015-03-06 | abcde | ab  | 31
 row12_text_null      |      |   11 |   37 | 0.123456789012345679 | 2013-07-23 21:00:05 | 7.7 | 23456789 | f | 11 | 1100 | 2015-03-06 | abcde | ab  | 31
 row13_int_null       | s_16 |      |   37 | 0.123456789012345679 | 2013-07-23 21:00:05 | 7.7 | 23456789 | f | 11 | 1100 | 2015-03-06 | abcde | ab  | 31
 row14_double_null    | s_16 |   11 |      | 0.123456789012345679 | 2013-07-23 21:00:05 | 7.7 | 23456789 | f | 11 | 1100 | 2015-03-06 | abcde | ab  | 31
 row15_decimal_null   | s_17 |   12 |   38 |                      | 2013-07-24 21:00:05 | 7.7 | 23456789 | f | 11 | 1100 | 2015-03-06 | abcde | ab  | 31
 row16_timestamp_null | s_16 |   11 |   37 | 0.123456789012345679 |                     | 7.7 | 23456789 | f | 11 | 1100 | 2015-03-06 | abcde | ab  | 31
 row17_real_null      | s_16 |   11 |   37 | 0.123456789012345679 | 2013-07-23 21:00:05 |     | 23456789 | f | 11 | 1100 | 2015-03-06 | abcde | ab  | 31
 row18_bigint_null    | s_16 |   11 |   37 | 0.123456789012345679 | 2013-07-23 21:00:05 | 7.7 |          | f | 11 | 1100 | 2015-03-06 | abcde | ab  | 31
 row19_bool_null      | s_16 |   11 |   37 | 0.123456789012345679 | 2013-07-23 21:00:05 | 7.7 | 23456789 |   | 11 | 1100 | 2015-03-06 | abcde | ab  | 31
 row20_tinyint_null   | s_16 |   11 |   37 | 0.123456789012345679 | 2013-07-23 21:00:05 | 7.7 | 23456789 | f |    | 1100 | 2015-03-06 | abcde | ab  | 31
 row22_date_null      | s_16 |   11 |   37 | 0.123456789012345679 | 2013-07-23 21:00:05 | 7.7 | 23456789 | f | 11 | 1100 |            | abcde | ab  | 31
 row23_varchar_null   | s_16 |   11 |   37 | 0.123456789012345679 | 2013-07-23 21:00:05 | 7.7 | 23456789 | f | 11 | 1100 | 2015-03-06 |       | ab  | 31
 row24_char_null      | s_16 |   11 |   37 | 0.123456789012345679 | 2013-07-23 21:00:05 | 7.7 | 23456789 | f | 11 | 1100 | 2015-03-06 | abcde |     | 31
 row25_binary_null    | s_16 |   11 |   37 | 0.123456789012345679 | 2013-07-23 21:00:05 | 7.7 | 23456789 | f |  1 | 1100 | 2015-03-06 | abcde | ab  | 
(14 rows)

SELECT * FROM hive_partitions_all_types WHERE dt = '2015-03-06' ORDER BY t1;
          t1          |  t2  | num1 | dub1 |         dec1         |         tm          |  r   |    bg    | b | tn | sml  |     dt     |  vc1  | c1  | bin 
----------------------+------+------+------+----------------------+---------------------+------+----------+---+----+------+------------+-------+-----+-----
 row1                 | s_6  |    1 |    6 |              1.23456 | 2013-07-13 21:00:05 |  7.7 | 23456789 | f |  1 |   10 | 2015-03-06 | abcd  | abc | 31
 row10                | s_15 |   10 |   15 |    45678.00002340089 | 2013-07-22 21:00:05 |  7.7 | 23456789 | t | 10 | 1000 | 2015-03-06 | abcde | abc | 30
 row11                | s_16 |   11 |   37 | 0.123456789012345679 | 2013-07-23 21:00:05 |  7.7 | 23456789 | f | 11 | 1100 | 2015-03-06 | abcde | ab  | 31
 row12_text_null      |      |   11 |   37 | 0.123456789012345679 | 2013-07-23 21:00:05 |  7.7 | 23456789 | f | 11 | 1100 | 2015-03-06 | abcde | ab  | 31
 row13_int_null       | s_16 |      |   37 | 0.123456789012345679 | 2013-07-23 21:00:05 |  7.7 | 23456789 | f | 11 | 1100 | 2015-03-06 | abcde | ab  | 31
 row14_double_null    | s_16 |   11 |      | 0.123456789012345679 | 2013-07-23 21:00:05 |  7.7 | 23456789 | f | 11 | 1100 | 2015-03-06 | abcde | ab  | 31
 row15_decimal_null   | s_17 |   12 |   38 |                      | 2013-07-24 21:00:05 |  7.7 | 23456789 | f | 11 | 1100 | 2015-03-06 | abcde | ab  | 31
 row16_timestamp_null | s_16 |   11 |   37 | 0.123456789012345679 |                     |  7.7 | 23456789 | f | 11 | 1100 | 2015-03-06 | abcde | ab  | 31
 row17_real_null      | s_16 |   11 |   37 | 0.123456789012345679 | 2013-07-23 21:00:05 |      | 23456789 | f | 11 | 1100 | 2015-03-06 | abcde | ab  | 31
 row18_bigint_null    | s_16 |   11 |   37 | 0.123456789012345679 | 2013-07-23 21:00:05 |  7.7 |          | f | 11 | 1100 | 2015-03-06 | abcde | ab  | 31
 row19_bool_null      | s_16 |   11 |   37 | 0.123456789012345679 | 2013-07-23 21:00:05 |  7.7 | 23456789 |   | 11 | 1100 | 2015-03-06 | abcde | ab  | 31
 row2                 | s_7  |    2 |    7 |              1.23456 | 2013-07-13 21:00:05 |  8.7 | 23456789 | t |  2 |   20 | 2015-03-06 | abcde | abc | 32
 row20_tinyint_null   | s_16 |   11 |   37 | 0.123456789012345679 | 2013-07-23 21:00:05 |  7.7 | 23456789 | f |    | 1100 | 2015-03-06 | abcde | ab  | 31
 row21_smallint_null  | s_16 |   11 |   37 | 0.123456789012345679 | 2013-07-23 21:00:05 |  7.7 | 23456789 | f | 11 |      | 2015-03-06 | abcde | ab  | 31
 row23_varchar_null   | s_16 |   11 |   37 | 0.123456789012345679 | 2013-07-23 21:00:05 |  7.7 | 23456789 | f | 11 | 1100 | 2015-03-06 |       | ab  | 31
 row24_char_null      | s_16 |   11 |   37 | 0.123456789012345679 | 2013-07-23 21:00:05 |  7.7 | 23456789 | f | 11 | 1100 | 2015-03-06 | abcde |     | 31
 row25_binary_null    | s_16 |   11 |   37 | 0.123456789012345679 | 2013-07-23 21:00:05 |  7.7 | 23456789 | f |  1 | 1100 | 2015-03-06 | abcde | ab  | 
 row3                 | s_8  |    3 |    8 |             -1.23456 | 2013-07-15 21:00:05 |  9.7 | 23456789 | f |  3 |  300 | 2015-03-06 | abcde | abc | 33
 row4                 | s_9  |    4 |    9 |  123456789.123456789 | 2013-07-16 21:00:05 | 10.7 | 23456789 | t |  4 |  400 | 2015-03-06 | abcde | abc | 34
 row5                 | s_10 |    5 |   10 |       0.000000000001 | 2013-07-17 21:00:05 | 11.7 | 23456789 | f |  5 |  500 | 2015-03-06 | abcde | abc | 35
 row6                 | s_11 |    6 |   11 |      1234.8889999111 | 2013-07-18 21:00:05 | 12.7 | 23456789 | t |  6 |  600 | 2015-03-06 | abcde | abc | 36
 row7                 | s_12 |    7 |   12 |               0.0001 | 2013-07-19 21:00:05 |  7.7 | 23456789 | f |  7 |  700 | 2015-03-06 | abcde | abc | 37
 row8                 | s_13 |    8 |   13 |    45678.00002340089 | 2013-07-20 21:00:05 |  7.7 | 23456789 | t |  8 |  800 | 2015-03-06 | abcde | abc | 38
 row9                 | s_14 |    9 |   14 |              23457.1 | 2013-07-21 21:00:05 |  7.7 | 23456789 | f |  9 |  900 | 2015-03-06 | abcde | abc | 39
(24 rows)

SELECT * FROM hive_partitions_all_types WHERE vc1 = 'abcde' ORDER BY t1;
          t1          |  t2  | num1 | dub1 |         dec1         |         tm          |  r   |    bg    | b | tn | sml  |     dt     |  vc1  | c1  | bin 
----------------------+------+------+------+----------------------+---------------------+------+----------+---+----+------+------------+-------+-----+-----
 row10                | s_15 |   10 |   15 |    45678.00002340089 | 2013-07-22 21:00:05 |  7.7 | 23456789 | t | 10 | 1000 | 2015-03-06 | abcde | abc | 30
 row11                | s_16 |   11 |   37 | 0.123456789012345679 | 2013-07-23 21:00:05 |  7.7 | 23456789 | f | 11 | 1100 | 2015-03-06 | abcde | ab  | 31
 row12_text_null      |      |   11 |   37 | 0.123456789012345679 | 2013-07-23 21:00:05 |  7.7 | 23456789 | f | 11 | 1100 | 2015-03-06 | abcde | ab  | 31
 row13_int_null       | s_16 |      |   37 | 0.123456789012345679 | 2013-07-23 21:00:05 |  7.7 | 23456789 | f | 11 | 1100 | 2015-03-06 | abcde | ab  | 31
 row14_double_null    | s_16 |   11 |      | 0.123456789012345679 | 2013-07-23 21:00:05 |  7.7 | 23456789 | f | 11 | 1100 | 2015-03-06 | abcde | ab  | 31
 row15_decimal_null   | s_17 |   12 |   38 |                      | 2013-07-24 21:00:05 |  7.7 | 23456789 | f | 11 | 1100 | 2015-03-06 | abcde | ab  | 31
 row16_timestamp_null | s_16 |   11 |   37 | 0.123456789012345679 |                     |  7.7 | 23456789 | f | 11 | 1100 | 2015-03-06 | abcde | ab  | 31
 row17_real_null      | s_16 |   11 |   37 | 0.123456789012345679 | 2013-07-23 21:00:05 |      | 23456789 | f | 11 | 1100 | 2015-03-06 | abcde | ab  | 31
 row18_bigint_null    | s_16 |   11 |   37 | 0.123456789012345679 | 2013-07-23 21:00:05 |  7.7 |          | f | 11 | 1100 | 2015-03-06 | abcde | ab  | 31
 row19_bool_null      | s_16 |   11 |   37 | 0.123456789012345679 | 2013-07-23 21:00:05 |  7.7 | 23456789 |   | 11 | 1100 | 2015-03-06 | abcde | ab  | 31
 row2                 | s_7  |    2 |    7 |              1.23456 | 2013-07-13 21:00:05 |  8.7 | 23456789 | t |  2 |   20 | 2015-03-06 | abcde | abc | 32
 row20_tinyint_null   | s_16 |   11 |   37 | 0.123456789012345679 | 2013-07-23 21:00:05 |  7.7 | 23456789 | f |    | 1100 | 2015-03-06 | abcde | ab  | 31
 row21_smallint_null  | s_16 |   11 |   37 | 0.123456789012345679 | 2013-07-23 21:00:05 |  7.7 | 23456789 | f | 11 |      | 2015-03-06 | abcde | ab  | 31
 row22_date_null      | s_16 |   11 |   37 | 0.123456789012345679 | 2013-07-23 21:00:05 |  7.7 | 23456789 | f | 11 | 1100 |            | abcde | ab  | 31
 row24_char_null      | s_16 |   11 |   37 | 0.123456789012345679 | 2013-07-23 21:00:05 |  7.7 | 23456789 | f | 11 | 1100 | 2015-03-06 | abcde |     | 31
 row25_binary_null    | s_16 |   11 |   37 | 0.123456789012345679 | 2013-07-23 21:00:05 |  7.7 | 23456789 | f |  1 | 1100 | 2015-03-06 | abcde | ab  | 
 row3                 | s_8  |    3 |    8 |             -1.23456 | 2013-07-15 21:00:05 |  9.7 | 23456789 | f |  3 |  300 | 2015-03-06 | abcde | abc | 33
 row4                 | s_9  |    4 |    9 |  123456789.123456789 | 2013-07-16 21:00:05 | 10.7 | 23456789 | t |  4 |  400 | 2015-03-06 | abcde | abc | 34
 row5                 | s_10 |    5 |   10 |       0.000000000001 | 2013-07-17 21:00:05 | 11.7 | 23456789 | f |  5 |  500 | 2015-03-06 | abcde | abc | 35
 row6                 | s_11 |    6 |   11 |      1234.8889999111 | 2013-07-18 21:00:05 | 12.7 | 23456789 | t |  6 |  600 | 2015-03-06 | abcde | abc | 36
 row7                 | s_12 |    7 |   12 |               0.0001 | 2013-07-19 21:00:05 |  7.7 | 23456789 | f |  7 |  700 | 2015-03-06 | abcde | abc | 37
 row8                 | s_13 |    8 |   13 |    45678.00002340089 | 2013-07-20 21:00:05 |  7.7 | 23456789 | t |  8 |  800 | 2015-03-06 | abcde | abc | 38
 row9                 | s_14 |    9 |   14 |              23457.1 | 2013-07-21 21:00:05 |  7.7 | 23456789 | f |  9 |  900 | 2015-03-06 | abcde | abc | 39
(23 rows)

SELECT * FROM hive_partitions_all_types WHERE c1 = 'abc' ORDER BY t1;
  t1   |  t2  | num1 | dub1 |        dec1         |         tm          |  r   |    bg    | b | tn | sml  |     dt     |  vc1  | c1  | bin 
-------+------+------+------+---------------------+---------------------+------+----------+---+----+------+------------+-------+-----+-----
 row1  | s_6  |    1 |    6 |             1.23456 | 2013-07-13 21:00:05 |  7.7 | 23456789 | f |  1 |   10 | 2015-03-06 | abcd  | abc | 31
 row10 | s_15 |   10 |   15 |   45678.00002340089 | 2013-07-22 21:00:05 |  7.7 | 23456789 | t | 10 | 1000 | 2015-03-06 | abcde | abc | 30
 row2  | s_7  |    2 |    7 |             1.23456 | 2013-07-13 21:00:05 |  8.7 | 23456789 | t |  2 |   20 | 2015-03-06 | abcde | abc | 32
 row3  | s_8  |    3 |    8 |            -1.23456 | 2013-07-15 21:00:05 |  9.7 | 23456789 | f |  3 |  300 | 2015-03-06 | abcde | abc | 33
 row4  | s_9  |    4 |    9 | 123456789.123456789 | 2013-07-16 21:00:05 | 10.7 | 23456789 | t |  4 |  400 | 2015-03-06 | abcde | abc | 34
 row5  | s_10 |    5 |   10 |      0.000000000001 | 2013-07-17 21:00:05 | 11.7 | 23456789 | f |  5 |  500 | 2015-03-06 | abcde | abc | 35
 row6  | s_11 |    6 |   11 |     1234.8889999111 | 2013-07-18 21:00:05 | 12.7 | 23456789 | t |  6 |  600 | 2015-03-06 | abcde | abc | 36
 row7  | s_12 |    7 |   12 |              0.0001 | 2013-07-19 21:00:05 |  7.7 | 23456789 | f |  7 |  700 | 2015-03-06 | abcde | abc | 37
 row8  | s_13 |    8 |   13 |   45678.00002340089 | 2013-07-20 21:00:05 |  7.7 | 23456789 | t |  8 |  800 | 2015-03-06 | abcde | abc | 38
 row9  | s_14 |    9 |   14 |             23457.1 | 2013-07-21 21:00:05 |  7.7 | 23456789 | f |  9 |  900 | 2015-03-06 | abcde | abc | 39
(10 rows)

SELECT * FROM hive_partitions_all_types WHERE bin = '31'::bytea ORDER BY t1;
          t1          |  t2  | num1 | dub1 |         dec1         |         tm          |  r  |    bg    | b | tn | sml  |     dt     |  vc1  | c1  | bin 
----------------------+------+------+------+----------------------+---------------------+-----+----------+---+----+------+------------+-------+-----+-----
 row1                 | s_6  |    1 |    6 |              1.23456 | 2013-07-13 21:00:05 | 7.7 | 23456789 | f |  1 |   10 | 2015-03-06 | abcd  | abc | 31
 row11                | s_16 |   11 |   37 | 0.123456789012345679 | 2013-07-23 21:00:05 | 7.7 | 23456789 | f | 11 | 1100 | 2015-03-06 | abcde | ab  | 31
 row12_text_null      |      |   11 |   37 | 0.123456789012345679 | 2013-07-23 21:00:05 | 7.7 | 23456789 | f | 11 | 1100 | 2015-03-06 | abcde | ab  | 31
 row13_int_null       | s_16 |      |   37 | 0.123456789012345679 | 2013-07-23 21:00:05 | 7.7 | 23456789 | f | 11 | 1100 | 2015-03-06 | abcde | ab  | 31
 row14_double_null    | s_16 |   11 |      | 0.123456789012345679 | 2013-07-23 21:00:05 | 7.7 | 23456789 | f | 11 | 1100 | 2015-03-06 | abcde | ab  | 31
 row15_decimal_null   | s_17 |   12 |   38 |                      | 2013-07-24 21:00:05 | 7.7 | 23456789 | f | 11 | 1100 | 2015-03-06 | abcde | ab  | 31
 row16_timestamp_null | s_16 |   11 |   37 | 0.123456789012345679 |                     | 7.7 | 23456789 | f | 11 | 1100 | 2015-03-06 | abcde | ab  | 31
 row17_real_null      | s_16 |   11 |   37 | 0.123456789012345679 | 2013-07-23 21:00:05 |     | 23456789 | f | 11 | 1100 | 2015-03-06 | abcde | ab  | 31
 row18_bigint_null    | s_16 |   11 |   37 | 0.123456789012345679 | 2013-07-23 21:00:05 | 7.7 |          | f | 11 | 1100 | 2015-03-06 | abcde | ab  | 31
 row19_bool_null      | s_16 |   11 |   37 | 0.123456789012345679 | 2013-07-23 21:00:05 | 7.7 | 23456789 |   | 11 | 1100 | 2015-03-06 | abcde | ab  | 31
 row20_tinyint_null   | s_16 |   11 |   37 | 0.123456789012345679 | 2013-07-23 21:00:05 | 7.7 | 23456789 | f |    | 1100 | 2015-03-06 | abcde | ab  | 31
 row21_smallint_null  | s_16 |   11 |   37 | 0.123456789012345679 | 2013-07-23 21:00:05 | 7.7 | 23456789 | f | 11 |      | 2015-03-06 | abcde | ab  | 31
 row22_date_null      | s_16 |   11 |   37 | 0.123456789012345679 | 2013-07-23 21:00:05 | 7.7 | 23456789 | f | 11 | 1100 |            | abcde | ab  | 31
 row23_varchar_null   | s_16 |   11 |   37 | 0.123456789012345679 | 2013-07-23 21:00:05 | 7.7 | 23456789 | f | 11 | 1100 | 2015-03-06 |       | ab  | 31
 row24_char_null      | s_16 |   11 |   37 | 0.123456789012345679 | 2013-07-23 21:00:05 | 7.7 | 23456789 | f | 11 | 1100 | 2015-03-06 | abcde |     | 31
(15 rows)
