-- @description query01 for PXF HDFS Readable Json with exceeding max size test cases
SELECT * from jsontest_max_size ORDER BY id;
           created_at           |         id         | text  | user.screen_name | entities.hashtags[0] | coordinates.coordinates[0] | coordinates.coordinates[1] 
--------------------------------+--------------------+-------+------------------+----------------------+----------------------------+----------------------------
 Fri Jun 07 22:45:02 +0000 2013 | 343136547115253761 | text1 | SpreadButter     | tweetCongress        |                            |                           
(1 row)

SELECT * from jsontest_max_size_filefrag ORDER BY id;
           created_at           |         id         | text  | user.screen_name | entities.hashtags[0] | coordinates.coordinates[0] | coordinates.coordinates[1] 
--------------------------------+--------------------+-------+------------------+----------------------+----------------------------+----------------------------
 Fri Jun 07 22:45:02 +0000 2013 | 343136547115253761 | text1 | SpreadButter     | tweetCongress        |                            |                           
(1 row)

