-- @description query03 for PXF test on Multi Blocked data
SELECT t1, a1 FROM pxf_smoke_multi_blocked_data ORDER BY t1 LIMIT 10;
 t1 | a1 
----+----
 t1 |  1
 t1 |  1
 t1 |  1
 t1 |  1
 t1 |  1
 t1 |  1
 t1 |  1
 t1 |  1
 t1 |  1
 t1 |  1
(10 rows)

