-- @description query02 for PXF test on Multi Blocked data

SELECT sum(a1) FROM pxf_smoke_multi_blocked_data; 
sum 
-------
   16016000000
(1 row)