-- @description query01 for PXF Hive filter pushdown disabled case
SET gp_external_enable_filter_pushdown = off;
SELECT * FROM test_filter WHERE  t0 = 'A' and a1 = 0 ORDER BY t0, a1;
 t0 | a1 | b2 | filtervalue 
----+----+----+-------------
 A  |  0 | t  | No filter
(1 row)

