-- @description query01 for PXF HDFS Readable error in the middle of stream
-- start_matchsubs
--
-- m/(ERROR|WARNING):.*'\d+\.\d+\.\d+\.\d+:\d+'.*/
-- s/'\d+\.\d+\.\d+\.\d+:\d+'/'SOME_IP:SOME_PORT'/
--
-- m/CONTEXT:  \n/
-- s/CONTEXT:  \n/CONTEXT:  /
--
-- m/External table error_on_10000/
-- s/.*External table error_on_10000.*/CONTEXT:  External table error_on_10000/
--
-- m/libchurl\.c/
-- s/libchurl\.c:\d+/libchurl\.c:xxx/
  
-- end_matchsubs
SELECT * FROM error_on_10000 ORDER BY num ASC;
ERROR:  transfer error (18): Transferred a partial file from 'SOME_IP:SOME_PORT' (libchurl.c:xxx)
DETAIL:  curl error buffer: transfer closed with outstanding read data remaining
CONTEXT:  External table error_on_10000, line 10001 of file pxf://pxf_automation_data/data?FRAGMENTER=org.greenplum.pxf.plugins.hdfs.HdfsDataFragmenter&ACCESSOR=org.greenplum.pxf.automation.testplugin.ThrowOn10000Accessor&RESOLVER=org.greenplum.pxf.plugins.hdfs.StringPassResolver
