-- ===================================================================
-- Validation for SERVER options
-- ===================================================================
--
-- Server creation fails if protocol option is provided
--
CREATE SERVER pxf_fdw_test_server
    FOREIGN DATA WRAPPER pxf_fdw_test_pxf_fdw
    OPTIONS ( protocol 'pxf_fdw_test2' );
ERROR:  the protocol option can only be defined at the pg_foreign_data_wrapper level
--
-- Server creation fails if resource option is provided
--
CREATE SERVER pxf_fdw_test_server
    FOREIGN DATA WRAPPER pxf_fdw_test_pxf_fdw
    OPTIONS ( resource '/invalid/option/for/server' );
ERROR:  the resource option can only be defined at the pg_foreign_table level
--
-- Server creation fails if delimiter option is provided
--
CREATE SERVER pxf_fdw_test_server
    FOREIGN DATA WRAPPER pxf_fdw_test_pxf_fdw
    OPTIONS ( delimiter ' ' );
ERROR:  invalid option "delimiter"
HINT:  There are no valid options in this context.
--
-- Server creation fails if header option is provided
--
CREATE SERVER pxf_fdw_test_server
    FOREIGN DATA WRAPPER pxf_fdw_test_pxf_fdw
    OPTIONS ( header 'TRUE' );
ERROR:  invalid option "header"
HINT:  There are no valid options in this context.
--
-- Server creation fails if quote option is provided
--
CREATE SERVER pxf_fdw_test_server
    FOREIGN DATA WRAPPER pxf_fdw_test_pxf_fdw
    OPTIONS ( quote '`' );
ERROR:  invalid option "quote"
HINT:  There are no valid options in this context.
--
-- Server creation fails if escape option is provided
--
CREATE SERVER pxf_fdw_test_server
    FOREIGN DATA WRAPPER pxf_fdw_test_pxf_fdw
    OPTIONS ( escape '\' );
ERROR:  invalid option "escape"
HINT:  There are no valid options in this context.
--
-- Server creation fails if null option is provided
--
CREATE SERVER pxf_fdw_test_server
    FOREIGN DATA WRAPPER pxf_fdw_test_pxf_fdw
    OPTIONS ( null '' );
ERROR:  invalid option "null"
HINT:  There are no valid options in this context.
--
-- Server creation fails if encoding option is provided
--
CREATE SERVER pxf_fdw_test_server
    FOREIGN DATA WRAPPER pxf_fdw_test_pxf_fdw
    OPTIONS ( encoding 'UTF-8' );
ERROR:  invalid option "encoding"
HINT:  There are no valid options in this context.
--
-- Server creation fails if newline option is provided
--
CREATE SERVER pxf_fdw_test_server
    FOREIGN DATA WRAPPER pxf_fdw_test_pxf_fdw
    OPTIONS ( newline 'CRLF' );
ERROR:  invalid option "newline"
HINT:  There are no valid options in this context.
--
-- Server creation fails if fill_missing_fields option is provided
--
CREATE SERVER pxf_fdw_test_server
    FOREIGN DATA WRAPPER pxf_fdw_test_pxf_fdw
    OPTIONS ( fill_missing_fields '' );
ERROR:  invalid option "fill_missing_fields"
HINT:  There are no valid options in this context.
--
-- Server creation fails if force_null option is provided
--
CREATE SERVER pxf_fdw_test_server
    FOREIGN DATA WRAPPER pxf_fdw_test_pxf_fdw
    OPTIONS ( force_null 'true' );
ERROR:  invalid option "force_null"
HINT:  There are no valid options in this context.
--
-- Server creation fails if force_not_null option is provided
--
CREATE SERVER pxf_fdw_test_server
    FOREIGN DATA WRAPPER pxf_fdw_test_pxf_fdw
    OPTIONS ( force_not_null 'true' );
ERROR:  invalid option "force_not_null"
HINT:  There are no valid options in this context.
--
-- Server creation fails if reject_limit option is provided
--
CREATE SERVER pxf_fdw_test_server
    FOREIGN DATA WRAPPER pxf_fdw_test_pxf_fdw
    OPTIONS ( reject_limit '5' );
ERROR:  the reject_limit option can only be defined at the pg_foreign_table level
--
-- Server creation fails if reject_limit_type option is provided
--
CREATE SERVER pxf_fdw_test_server
    FOREIGN DATA WRAPPER pxf_fdw_test_pxf_fdw
    OPTIONS ( reject_limit_type 'rows' );
ERROR:  the reject_limit_type option can only be defined at the pg_foreign_table level
--
-- Server creation fails if log_errors option is provided
--
CREATE SERVER pxf_fdw_test_server
    FOREIGN DATA WRAPPER pxf_fdw_test_pxf_fdw
    OPTIONS ( log_errors 'true' );
ERROR:  the log_errors option can only be defined at the pg_foreign_table level
--
-- Server creation fails if disable_ppd option is non-boolean
--
CREATE SERVER pxf_fdw_test_server_with_disable_ppd
    FOREIGN DATA WRAPPER pxf_fdw_test_pxf_fdw
    OPTIONS ( disable_ppd 'foo' );
ERROR:  disable_ppd requires a Boolean value
--
-- Server creation fails if negative pxf_port number is provided
--
CREATE SERVER pxf_fdw_test_server
    FOREIGN DATA WRAPPER pxf_fdw_test_pxf_fdw
    OPTIONS ( pxf_port '-1' );
ERROR:  invalid pxf_port number: -1. valid pxf_port numbers are 0 to 65535
--
-- Server creation fails if out of range pxf_port number is provided
--
CREATE SERVER pxf_fdw_test_server
    FOREIGN DATA WRAPPER pxf_fdw_test_pxf_fdw
    OPTIONS ( pxf_port '65536' );
ERROR:  invalid pxf_port number: 65536. valid pxf_port numbers are 0 to 65535
--
-- Server creation fails if non numeric pxf_port number is provided
--
CREATE SERVER pxf_fdw_test_server
    FOREIGN DATA WRAPPER pxf_fdw_test_pxf_fdw
    OPTIONS ( pxf_port 'foo' );
ERROR:  unable to parse pxf_port number 'foo'
--
-- Server creation fails when an invalid pxf_protocol is provided
--
CREATE SERVER pxf_fdw_test_server
    FOREIGN DATA WRAPPER pxf_fdw_test_pxf_fdw
    OPTIONS ( pxf_protocol 'foo' );
ERROR:  invalid pxf_protocol value 'foo'. valid pxf_protocol values are 'http' or 'https'
--
-- Server creation succeeds if protocol option is not provided
--
CREATE SERVER pxf_fdw_test_server
    FOREIGN DATA WRAPPER pxf_fdw_test_pxf_fdw;
--
-- Server creation succeeds if config option is provided
--
CREATE SERVER pxf_fdw_test_server_with_config
    FOREIGN DATA WRAPPER pxf_fdw_test_pxf_fdw
    OPTIONS ( config '/foo/bar' );
--
-- Server creation succeeds if disable_ppd option is provided
--
CREATE SERVER pxf_fdw_test_server_with_disable_ppd
    FOREIGN DATA WRAPPER pxf_fdw_test_pxf_fdw
    OPTIONS ( disable_ppd 'true' );
--
-- Server creation succeeds if valid pxf_port is provided
--
CREATE SERVER pxf_fdw_test_server_with_port
    FOREIGN DATA WRAPPER pxf_fdw_test_pxf_fdw_with_port
    OPTIONS ( pxf_port '7008' );
--
-- Server creation succeeds if pxf_host is provided
--
CREATE SERVER pxf_fdw_test_server_with_host
    FOREIGN DATA WRAPPER pxf_fdw_test_pxf_fdw
    OPTIONS ( pxf_host 'foobar.com' );
--
-- Server creation succeeds when pxf_protocol is HTTP
--
CREATE SERVER pxf_fdw_test_server_unsecure
    FOREIGN DATA WRAPPER pxf_fdw_test_pxf_fdw
    OPTIONS ( pxf_protocol 'HTTP' );
--
-- Server creation succeeds when pxf_protocol is https
--
CREATE SERVER pxf_fdw_test_server_secure
    FOREIGN DATA WRAPPER pxf_fdw_test_pxf_fdw
    OPTIONS ( pxf_protocol 'Https' );
--
-- Server alteration fails if protocol option is added
--
ALTER SERVER pxf_fdw_test_server
    OPTIONS ( ADD protocol 'pxf_fdw_test2' );
ERROR:  the protocol option can only be defined at the pg_foreign_data_wrapper level
--
-- Server alteration fails if resource option is added
--
ALTER SERVER pxf_fdw_test_server
    OPTIONS ( ADD resource '/invalid/option/for/server' );
ERROR:  the resource option can only be defined at the pg_foreign_table level
--
-- Server alteration fails if header option is added
--
ALTER SERVER pxf_fdw_test_server
    OPTIONS ( ADD header 'TRUE' );
ERROR:  invalid option "header"
HINT:  There are no valid options in this context.
--
-- Server alteration fails if delimiter option is added
--
ALTER SERVER pxf_fdw_test_server
    OPTIONS ( ADD delimiter ' ' );
ERROR:  invalid option "delimiter"
HINT:  There are no valid options in this context.
--
-- Server alteration fails if quote option is added
--
ALTER SERVER pxf_fdw_test_server
    OPTIONS ( ADD quote '`' );
ERROR:  invalid option "quote"
HINT:  There are no valid options in this context.
--
-- Server alteration fails if escape option is added
--
ALTER SERVER pxf_fdw_test_server
    OPTIONS ( ADD escape '\' );
ERROR:  invalid option "escape"
HINT:  There are no valid options in this context.
--
-- Server alteration fails if null option is added
--
ALTER SERVER pxf_fdw_test_server
    OPTIONS ( ADD null '' );
ERROR:  invalid option "null"
HINT:  There are no valid options in this context.
--
-- Server alteration fails if encoding option is added
--
ALTER SERVER pxf_fdw_test_server
    OPTIONS ( ADD encoding 'UTF-8' );
ERROR:  invalid option "encoding"
HINT:  There are no valid options in this context.
--
-- Server alteration fails if newline option is added
--
ALTER SERVER pxf_fdw_test_server
    OPTIONS ( ADD newline 'CRLF' );
ERROR:  invalid option "newline"
HINT:  There are no valid options in this context.
--
-- Server alteration fails if fill_missing_fields option is added
--
ALTER SERVER pxf_fdw_test_server
    OPTIONS ( ADD fill_missing_fields '' );
ERROR:  invalid option "fill_missing_fields"
HINT:  There are no valid options in this context.
--
-- Server alteration fails if force_null option is added
--
ALTER SERVER pxf_fdw_test_server
    OPTIONS ( ADD force_null 'true' );
ERROR:  invalid option "force_null"
HINT:  There are no valid options in this context.
--
-- Server alteration fails if force_not_null option is added
--
ALTER SERVER pxf_fdw_test_server
    OPTIONS ( ADD force_not_null 'true' );
ERROR:  invalid option "force_not_null"
HINT:  There are no valid options in this context.
--
-- Server alteration fails if reject_limit option is added
--
ALTER SERVER pxf_fdw_test_server
    OPTIONS ( ADD reject_limit '5' );
ERROR:  the reject_limit option can only be defined at the pg_foreign_table level
--
-- Server alteration fails if reject_limit_type option is added
--
ALTER SERVER pxf_fdw_test_server
    OPTIONS ( ADD reject_limit_type 'rows' );
ERROR:  the reject_limit_type option can only be defined at the pg_foreign_table level
--
-- Server alteration fails if log_errors option is added
--
ALTER SERVER pxf_fdw_test_server
    OPTIONS ( ADD log_errors 'true' );
ERROR:  the log_errors option can only be defined at the pg_foreign_table level
--
-- Server alteration succeeds if config option is added
--
ALTER SERVER pxf_fdw_test_server
    OPTIONS ( ADD config '/foo/bar' );
--
-- Server alteration succeeds if config option is modified
--
ALTER SERVER pxf_fdw_test_server
    OPTIONS ( SET config '/foo/bar' );
--
-- Server alteration succeeds if config option is dropped
--
ALTER SERVER pxf_fdw_test_server
    OPTIONS ( DROP config );
--
-- Server alteration fails if disable_ppd option is non-boolean
--
ALTER SERVER pxf_fdw_test_server
    OPTIONS ( ADD disable_ppd 'bar' );
ERROR:  disable_ppd requires a Boolean value
--
-- Server alteration succeeds if disable_ppd option is added
--
ALTER SERVER pxf_fdw_test_server
    OPTIONS ( ADD disable_ppd 'true' );
--
-- Server alteration succeeds if disable_ppd option is modified
--
ALTER SERVER pxf_fdw_test_server
    OPTIONS ( SET disable_ppd 'false' );
--
-- Server alteration succeeds if disable_ppd option is dropped
--
ALTER SERVER pxf_fdw_test_server
    OPTIONS ( DROP disable_ppd );
--
-- Server alteration fails if negative pxf_port number is provided
--
ALTER SERVER pxf_fdw_test_server
    OPTIONS ( ADD pxf_port '-1' );
ERROR:  invalid pxf_port number: -1. valid pxf_port numbers are 0 to 65535
--
-- Server alteration fails if out of range pxf_port number is provided
--
ALTER SERVER pxf_fdw_test_server
    OPTIONS ( ADD pxf_port '65536' );
ERROR:  invalid pxf_port number: 65536. valid pxf_port numbers are 0 to 65535
--
-- Server alteration fails if non numeric pxf_port number is provided
--
ALTER SERVER pxf_fdw_test_server
    OPTIONS ( ADD pxf_port 'foo' );
ERROR:  unable to parse pxf_port number 'foo'
--
-- Server alteration succeeds if valid pxf_port number is provide
--
ALTER SERVER pxf_fdw_test_server
    OPTIONS ( ADD pxf_port '8080' );
--
-- Server alteration fails if an invalid port number is provided
--
ALTER SERVER pxf_fdw_test_server
    OPTIONS ( SET pxf_port '80808' );
ERROR:  invalid pxf_port number: 80808. valid pxf_port numbers are 0 to 65535
--
-- Server alteration succeeds if a new valid port number is provided
--
ALTER SERVER pxf_fdw_test_server
    OPTIONS ( SET pxf_port '7777' );
--
-- Server alteration succeeds when the pxf_port option is dropped
--
ALTER SERVER pxf_fdw_test_server
    OPTIONS ( DROP pxf_port );
--
-- Server alteration succeeds when pxf_host is provided
--
ALTER SERVER pxf_fdw_test_server
    OPTIONS ( ADD pxf_host 'test.com' );
--
-- Server alteration succeeds when pxf_host is set
--
ALTER SERVER pxf_fdw_test_server
    OPTIONS ( SET pxf_host 'bar.com' );
--
-- Server alteration succeeds when pxf_host is dropped
--
ALTER SERVER pxf_fdw_test_server
    OPTIONS ( DROP pxf_host );
--
-- Server alteration fails when an invalid pxf_protocol value is provided
--
ALTER SERVER pxf_fdw_test_server
    OPTIONS ( ADD pxf_protocol '12345' );
ERROR:  invalid pxf_protocol value '12345'. valid pxf_protocol values are 'http' or 'https'
--
-- Server alteration succeeds when the pxf_protocol option is provided
--
ALTER SERVER pxf_fdw_test_server
    OPTIONS ( ADD pxf_protocol 'hTTpS' );
--
-- Server alteration succeeds when pxf_protocol is set
--
ALTER SERVER pxf_fdw_test_server_secure
    OPTIONS ( SET pxf_protocol 'http' );
--
-- Server alteration succeeds when pxf_protocol is dropped
--
ALTER SERVER pxf_fdw_test_server_secure
    OPTIONS ( DROP pxf_protocol );
